Archive member included to satisfy reference by file (symbol)

d:/progra~2/gnuarm~1/102021~1.10/bin/../lib/gcc/arm-none-eabi/10.3.1/thumb/v7e-m+fp/hard\libgcc.a(_arm_addsubdf3.o)
                              CMakeFiles/Software.elf.dir/Core/User/GC9A01/GC9A01.c.obj (__aeabi_i2d)
d:/progra~2/gnuarm~1/102021~1.10/bin/../lib/gcc/arm-none-eabi/10.3.1/thumb/v7e-m+fp/hard\libgcc.a(_arm_fixdfsi.o)
                              CMakeFiles/Software.elf.dir/Core/User/GC9A01/GC9A01.c.obj (__aeabi_d2iz)
d:/progra~2/gnuarm~1/102021~1.10/bin/../lib/gcc/arm-none-eabi/10.3.1/thumb/v7e-m+fp/hard\libgcc.a(_aeabi_uldivmod.o)
                              CMakeFiles/Software.elf.dir/Drivers/STM32H7xx_HAL_Driver/Src/stm32h7xx_hal_uart.c.obj (__aeabi_uldivmod)
d:/progra~2/gnuarm~1/102021~1.10/bin/../lib/gcc/arm-none-eabi/10.3.1/thumb/v7e-m+fp/hard\libgcc.a(_udivmoddi4.o)
                              d:/progra~2/gnuarm~1/102021~1.10/bin/../lib/gcc/arm-none-eabi/10.3.1/thumb/v7e-m+fp/hard\libgcc.a(_aeabi_uldivmod.o) (__udivmoddi4)
d:/progra~2/gnuarm~1/102021~1.10/bin/../lib/gcc/arm-none-eabi/10.3.1/thumb/v7e-m+fp/hard\libgcc.a(_dvmd_tls.o)
                              d:/progra~2/gnuarm~1/102021~1.10/bin/../lib/gcc/arm-none-eabi/10.3.1/thumb/v7e-m+fp/hard\libgcc.a(_aeabi_uldivmod.o) (__aeabi_ldiv0)
d:/progra~2/gnuarm~1/102021~1.10/bin/../lib/gcc/arm-none-eabi/10.3.1/../../../../arm-none-eabi/lib/thumb/v7e-m+fp/hard\libg.a(lib_a-errno.o)
                              CMakeFiles/Software.elf.dir/Core/Src/syscalls.c.obj (__errno)
d:/progra~2/gnuarm~1/102021~1.10/bin/../lib/gcc/arm-none-eabi/10.3.1/../../../../arm-none-eabi/lib/thumb/v7e-m+fp/hard\libg.a(lib_a-exit.o)
                              d:/progra~2/gnuarm~1/102021~1.10/bin/../lib/gcc/arm-none-eabi/10.3.1/../../../../arm-none-eabi/lib/thumb/v7e-m+fp/hard/crt0.o (exit)
d:/progra~2/gnuarm~1/102021~1.10/bin/../lib/gcc/arm-none-eabi/10.3.1/../../../../arm-none-eabi/lib/thumb/v7e-m+fp/hard\libg.a(lib_a-impure.o)
                              d:/progra~2/gnuarm~1/102021~1.10/bin/../lib/gcc/arm-none-eabi/10.3.1/../../../../arm-none-eabi/lib/thumb/v7e-m+fp/hard\libg.a(lib_a-exit.o) (_global_impure_ptr)
d:/progra~2/gnuarm~1/102021~1.10/bin/../lib/gcc/arm-none-eabi/10.3.1/../../../../arm-none-eabi/lib/thumb/v7e-m+fp/hard\libg.a(lib_a-init.o)
                              d:/progra~2/gnuarm~1/102021~1.10/bin/../lib/gcc/arm-none-eabi/10.3.1/../../../../arm-none-eabi/lib/thumb/v7e-m+fp/hard/crt0.o (__libc_init_array)
d:/progra~2/gnuarm~1/102021~1.10/bin/../lib/gcc/arm-none-eabi/10.3.1/../../../../arm-none-eabi/lib/thumb/v7e-m+fp/hard\libg.a(lib_a-memcpy.o)
                              CMakeFiles/Software.elf.dir/Middlewares/Third_Party/FreeRTOS/Source/CMSIS_RTOS_V2/cmsis_os2.c.obj (memcpy)
d:/progra~2/gnuarm~1/102021~1.10/bin/../lib/gcc/arm-none-eabi/10.3.1/../../../../arm-none-eabi/lib/thumb/v7e-m+fp/hard\libg.a(lib_a-memset.o)
                              d:/progra~2/gnuarm~1/102021~1.10/bin/../lib/gcc/arm-none-eabi/10.3.1/../../../../arm-none-eabi/lib/thumb/v7e-m+fp/hard/crt0.o (memset)
d:/progra~2/gnuarm~1/102021~1.10/bin/../lib/gcc/arm-none-eabi/10.3.1/../../../../arm-none-eabi/lib/thumb/v7e-m+fp/hard\libg.a(lib_a-printf.o)
                              CMakeFiles/Software.elf.dir/Core/Src/freertos.c.obj (printf)
d:/progra~2/gnuarm~1/102021~1.10/bin/../lib/gcc/arm-none-eabi/10.3.1/../../../../arm-none-eabi/lib/thumb/v7e-m+fp/hard\libg.a(lib_a-puts.o)
                              CMakeFiles/Software.elf.dir/Core/User/GC9A01/GC9A01.c.obj (puts)
d:/progra~2/gnuarm~1/102021~1.10/bin/../lib/gcc/arm-none-eabi/10.3.1/../../../../arm-none-eabi/lib/thumb/v7e-m+fp/hard\libg.a(lib_a-reent.o)
                              CMakeFiles/Software.elf.dir/Middlewares/Third_Party/FreeRTOS/Source/tasks.c.obj (_reclaim_reent)
d:/progra~2/gnuarm~1/102021~1.10/bin/../lib/gcc/arm-none-eabi/10.3.1/../../../../arm-none-eabi/lib/thumb/v7e-m+fp/hard\libg.a(lib_a-strlen.o)
                              d:/progra~2/gnuarm~1/102021~1.10/bin/../lib/gcc/arm-none-eabi/10.3.1/../../../../arm-none-eabi/lib/thumb/v7e-m+fp/hard\libg.a(lib_a-puts.o) (strlen)
d:/progra~2/gnuarm~1/102021~1.10/bin/../lib/gcc/arm-none-eabi/10.3.1/../../../../arm-none-eabi/lib/thumb/v7e-m+fp/hard\libg.a(lib_a-vfprintf.o)
                              d:/progra~2/gnuarm~1/102021~1.10/bin/../lib/gcc/arm-none-eabi/10.3.1/../../../../arm-none-eabi/lib/thumb/v7e-m+fp/hard\libg.a(lib_a-printf.o) (_vfprintf_r)
d:/progra~2/gnuarm~1/102021~1.10/bin/../lib/gcc/arm-none-eabi/10.3.1/../../../../arm-none-eabi/lib/thumb/v7e-m+fp/hard\libg.a(lib_a-wsetup.o)
                              d:/progra~2/gnuarm~1/102021~1.10/bin/../lib/gcc/arm-none-eabi/10.3.1/../../../../arm-none-eabi/lib/thumb/v7e-m+fp/hard\libg.a(lib_a-vfprintf.o) (__swsetup_r)
d:/progra~2/gnuarm~1/102021~1.10/bin/../lib/gcc/arm-none-eabi/10.3.1/../../../../arm-none-eabi/lib/thumb/v7e-m+fp/hard\libg.a(lib_a-__call_atexit.o)
[...]
Memory Configuration

Name             Origin             Length             Attributes
FLASH            0x08000000         0x00020000         xr
DTCMRAM          0x20000000         0x00020000         xrw
RAM_D1           0x24000000         0x00080000         xrw
RAM_D2           0x30000000         0x00048000         xrw
RAM_D3           0x38000000         0x00010000         xrw
ITCMRAM          0x00000000         0x00010000         xrw
*default*        0x00000000         0xffffffff

Linker script and memory map

LOAD d:/progra~2/gnuarm~1/102021~1.10/bin/../lib/gcc/arm-none-eabi/10.3.1/thumb/v7e-m+fp/hard/crti.o
LOAD d:/progra~2/gnuarm~1/102021~1.10/bin/../lib/gcc/arm-none-eabi/10.3.1/thumb/v7e-m+fp/hard/crtbegin.o
LOAD d:/progra~2/gnuarm~1/102021~1.10/bin/../lib/gcc/arm-none-eabi/10.3.1/../../../../arm-none-eabi/lib/thumb/v7e-m+fp/hard/crt0.o
LOAD CMakeFiles/Software.elf.dir/Core/Src/freertos.c.obj
LOAD CMakeFiles/Software.elf.dir/Core/Src/gpio.c.obj
LOAD CMakeFiles/Software.elf.dir/Core/Src/i2c.c.obj
LOAD CMakeFiles/Software.elf.dir/Core/Src/main.c.obj
LOAD CMakeFiles/Software.elf.dir/Core/Src/spi.c.obj
LOAD CMakeFiles/Software.elf.dir/Core/Src/stm32h7xx_hal_msp.c.obj
LOAD CMakeFiles/Software.elf.dir/Core/Src/stm32h7xx_hal_timebase_tim.c.obj
LOAD CMakeFiles/Software.elf.dir/Core/Src/stm32h7xx_it.c.obj
LOAD CMakeFiles/Software.elf.dir/Core/Src/syscalls.c.obj
LOAD CMakeFiles/Software.elf.dir/Core/Src/sysmem.c.obj
LOAD CMakeFiles/Software.elf.dir/Core/Src/system_stm32h7xx.c.obj
LOAD CMakeFiles/Software.elf.dir/Core/Src/usart.c.obj
LOAD CMakeFiles/Software.elf.dir/Core/Startup/startup_stm32h750xbhx.s.obj
LOAD CMakeFiles/Software.elf.dir/Core/User/GC9A01/GC9A01.c.obj
LOAD CMakeFiles/Software.elf.dir/Core/User/MAX30102/MAX30102.c.obj
LOAD CMakeFiles/Software.elf.dir/Core/User/MAX30102/algorithm.c.obj
LOAD CMakeFiles/Software.elf.dir/Drivers/STM32H7xx_HAL_Driver/Src/stm32h7xx_hal.c.obj
LOAD CMakeFiles/Software.elf.dir/Drivers/STM32H7xx_HAL_Driver/Src/stm32h7xx_hal_cortex.c.obj
LOAD CMakeFiles/Software.elf.dir/Drivers/STM32H7xx_HAL_Driver/Src/stm32h7xx_hal_dma.c.obj
LOAD CMakeFiles/Software.elf.dir/Drivers/STM32H7xx_HAL_Driver/Src/stm32h7xx_hal_dma_ex.c.obj
LOAD CMakeFiles/Software.elf.dir/Drivers/STM32H7xx_HAL_Driver/Src/stm32h7xx_hal_exti.c.obj
LOAD CMakeFiles/Software.elf.dir/Drivers/STM32H7xx_HAL_Driver/Src/stm32h7xx_hal_flash.c.obj
LOAD CMakeFiles/Software.elf.dir/Drivers/STM32H7xx_HAL_Driver/Src/stm32h7xx_hal_flash_ex.c.obj
LOAD CMakeFiles/Software.elf.dir/Drivers/STM32H7xx_HAL_Driver/Src/stm32h7xx_hal_gpio.c.obj
LOAD CMakeFiles/Software.elf.dir/Drivers/STM32H7xx_HAL_Driver/Src/stm32h7xx_hal_hsem.c.obj
LOAD CMakeFiles/Software.elf.dir/Drivers/STM32H7xx_HAL_Driver/Src/stm32h7xx_hal_i2c.c.obj
LOAD CMakeFiles/Software.elf.dir/Drivers/STM32H7xx_HAL_Driver/Src/stm32h7xx_hal_i2c_ex.c.obj
LOAD CMakeFiles/Software.elf.dir/Drivers/STM32H7xx_HAL_Driver/Src/stm32h7xx_hal_mdma.c.obj
LOAD CMakeFiles/Software.elf.dir/Drivers/STM32H7xx_HAL_Driver/Src/stm32h7xx_hal_pwr.c.obj
LOAD CMakeFiles/Software.elf.dir/Drivers/STM32H7xx_HAL_Driver/Src/stm32h7xx_hal_pwr_ex.c.obj
LOAD CMakeFiles/Software.elf.dir/Drivers/STM32H7xx_HAL_Driver/Src/stm32h7xx_hal_rcc.c.obj
LOAD CMakeFiles/Software.elf.dir/Drivers/STM32H7xx_HAL_Driver/Src/stm32h7xx_hal_rcc_ex.c.obj
LOAD CMakeFiles/Software.elf.dir/Drivers/STM32H7xx_HAL_Driver/Src/stm32h7xx_hal_spi.c.obj
LOAD CMakeFiles/Software.elf.dir/Drivers/STM32H7xx_HAL_Driver/Src/stm32h7xx_hal_spi_ex.c.obj
LOAD CMakeFiles/Software.elf.dir/Drivers/STM32H7xx_HAL_Driver/Src/stm32h7xx_hal_tim.c.obj
LOAD CMakeFiles/Software.elf.dir/Drivers/STM32H7xx_HAL_Driver/Src/stm32h7xx_hal_tim_ex.c.obj
LOAD CMakeFiles/Software.elf.dir/Drivers/STM32H7xx_HAL_Driver/Src/stm32h7xx_hal_uart.c.obj
LOAD CMakeFiles/Software.elf.dir/Drivers/STM32H7xx_HAL_Driver/Src/stm32h7xx_hal_uart_ex.c.obj
LOAD CMakeFiles/Software.elf.dir/Middlewares/Third_Party/FreeRTOS/Source/CMSIS_RTOS_V2/cmsis_os2.c.obj
LOAD CMakeFiles/Software.elf.dir/Middlewares/Third_Party/FreeRTOS/Source/croutine.c.obj
LOAD CMakeFiles/Software.elf.dir/Middlewares/Third_Party/FreeRTOS/Source/event_groups.c.obj
LOAD CMakeFiles/Software.elf.dir/Middlewares/Third_Party/FreeRTOS/Source/list.c.obj
LOAD CMakeFiles/Software.elf.dir/Middlewares/Third_Party/FreeRTOS/Source/portable/GCC/ARM_CM4F/port.c.obj
LOAD CMakeFiles/Software.elf.dir/Middlewares/Third_Party/FreeRTOS/Source/portable/MemMang/heap_4.c.obj
LOAD CMakeFiles/Software.elf.dir/Middlewares/Third_Party/FreeRTOS/Source/queue.c.obj
LOAD CMakeFiles/Software.elf.dir/Middlewares/Third_Party/FreeRTOS/Source/stream_buffer.c.obj
LOAD CMakeFiles/Software.elf.dir/Middlewares/Third_Party/FreeRTOS/Source/tasks.c.obj
LOAD CMakeFiles/Software.elf.dir/Middlewares/Third_Party/FreeRTOS/Source/timers.c.obj
START GROUP
LOAD d:/progra~2/gnuarm~1/102021~1.10/bin/../lib/gcc/arm-none-eabi/10.3.1/thumb/v7e-m+fp/hard\libgcc.a
LOAD d:/progra~2/gnuarm~1/102021~1.10/bin/../lib/gcc/arm-none-eabi/10.3.1/../../../../arm-none-eabi/lib/thumb/v7e-m+fp/hard\libg.a
LOAD d:/progra~2/gnuarm~1/102021~1.10/bin/../lib/gcc/arm-none-eabi/10.3.1/../../../../arm-none-eabi/lib/thumb/v7e-m+fp/hard\libc.a
END GROUP
LOAD d:/progra~2/gnuarm~1/102021~1.10/bin/../lib/gcc/arm-none-eabi/10.3.1/thumb/v7e-m+fp/hard/crtend.o
LOAD d:/progra~2/gnuarm~1/102021~1.10/bin/../lib/gcc/arm-none-eabi/10.3.1/thumb/v7e-m+fp/hard/crtn.o
                0x24080000                _estack = (ORIGIN (RAM_D1) + LENGTH (RAM_D1))
                0x00000200                _Min_Heap_Size = 0x200
                0x00000400                _Min_Stack_Size = 0x400

.isr_vector     0x08000000      0x298
                0x08000000                . = ALIGN (0x4)
 *(.isr_vector)
 .isr_vector    0x08000000      0x298 CMakeFiles/Software.elf.dir/Core/Startup/startup_stm32h750xbhx.s.obj
                0x08000000                g_pfnVectors
                0x08000298                . = ALIGN (0x4)

.text           0x080002c0     0xdaa0
                0x080002c0                . = ALIGN (0x4)
 *(.text)
 .text          0x080002c0       0x40 d:/progra~2/gnuarm~1/102021~1.10/bin/../lib/gcc/arm-none-eabi/10.3.1/thumb/v7e-m+fp/hard/crtbegin.o
 .text          0x08000300      0x378 d:/progra~2/gnuarm~1/102021~1.10/bin/../lib/gcc/arm-none-eabi/10.3.1/thumb/v7e-m+fp/hard\libgcc.a(_arm_addsubdf3.o)
                0x08000300                __aeabi_drsub
                0x08000308                __aeabi_dsub
                0x08000308                __subdf3
                0x0800030c                __aeabi_dadd
                0x0800030c                __adddf3
                0x08000584                __floatunsidf
                0x08000584                __aeabi_ui2d
                0x080005a4                __floatsidf
                0x080005a4                __aeabi_i2d
                0x080005c8                __aeabi_f2d
                0x080005c8                __extendsfdf2
                0x0800060c                __floatundidf
                0x0800060c                __aeabi_ul2d
                0x0800061c                __floatdidf
                0x0800061c                __aeabi_l2d
 .text          0x08000678       0x50 d:/progra~2/gnuarm~1/102021~1.10/bin/../lib/gcc/arm-none-eabi/10.3.1/thumb/v7e-m+fp/hard\libgcc.a(_arm_fixdfsi.o)
                0x08000678                __aeabi_d2iz
                0x08000678                __fixdfsi
 .text          0x080006c8       0x30 d:/progra~2/gnuarm~1/102021~1.10/bin/../lib/gcc/arm-none-eabi/10.3.1/thumb/v7e-m+fp/hard\libgcc.a(_aeabi_uldivmod.o)
                0x080006c8                __aeabi_uldivmod
 .text          0x080006f8      0x2d0 d:/progra~2/gnuarm~1/102021~1.10/bin/../lib/gcc/arm-none-eabi/10.3.1/thumb/v7e-m+fp/hard\libgcc.a(_udivmoddi4.o)
                0x080006f8                __udivmoddi4
 .text          0x080009c8        0x4 d:/progra~2/gnuarm~1/102021~1.10/bin/../lib/gcc/arm-none-eabi/10.3.1/thumb/v7e-m+fp/hard\libgcc.a(_dvmd_tls.o)
                0x080009c8                __aeabi_idiv0
                0x080009c8                __aeabi_ldiv0
 .text          0x080009cc      0x134 d:/progra~2/gnuarm~1/102021~1.10/bin/../lib/gcc/arm-none-eabi/10.3.1/../../../../arm-none-eabi/lib/thumb/v7e-m+fp/hard\libg.a(lib_a-memcpy.o)
                0x080009cc                memcpy
 .text          0x08000b00       0xdc d:/progra~2/gnuarm~1/102021~1.10/bin/../lib/gcc/arm-none-eabi/10.3.1/../../../../arm-none-eabi/lib/thumb/v7e-m+fp/hard\libg.a(lib_a-strlen.o)
                0x08000b00                strlen
 *fill*         0x08000bdc        0x4 
 .text          0x08000be0       0xa0 d:/progra~2/gnuarm~1/102021~1.10/bin/../lib/gcc/arm-none-eabi/10.3.1/../../../../arm-none-eabi/lib/thumb/v7e-m+fp/hard\libg.a(lib_a-memchr.o)
                0x08000be0                memchr
 .text          0x08000c80      0x424 d:/progra~2/gnuarm~1/102021~1.10/bin/../lib/gcc/arm-none-eabi/10.3.1/thumb/v7e-m+fp/hard\libgcc.a(_arm_muldivdf3.o)
                0x08000c80                __aeabi_dmul
                0x08000c80                __muldf3
                0x08000ed4                __divdf3
                0x08000ed4                __aeabi_ddiv
 .text          0x080010a4      0x110 d:/progra~2/gnuarm~1/102021~1.10/bin/../lib/gcc/arm-none-eabi/10.3.1/thumb/v7e-m+fp/hard\libgcc.a(_arm_cmpdf2.o)
                0x080010a4                __gtdf2
                0x080010a4                __gedf2
                0x080010ac                __ltdf2
                0x080010ac                __ledf2
                0x080010b4                __nedf2
                0x080010b4                __eqdf2
                0x080010b4                __cmpdf2
                0x08001130                __aeabi_cdrcmple
                0x08001140                __aeabi_cdcmpeq
                0x08001140                __aeabi_cdcmple
                0x08001150                __aeabi_dcmpeq
                0x08001164                __aeabi_dcmplt
                0x08001178                __aeabi_dcmple
                0x0800118c                __aeabi_dcmpge
                0x080011a0                __aeabi_dcmpgt
 .text          0x080011b4       0x2c d:/progra~2/gnuarm~1/102021~1.10/bin/../lib/gcc/arm-none-eabi/10.3.1/thumb/v7e-m+fp/hard\libgcc.a(_arm_unorddf2.o)
                0x080011b4                __unorddf2
                0x080011b4                __aeabi_dcmpun
 *(.text*)
 .text.StartDefaultTask
                0x080011e0        0xa CMakeFiles/Software.elf.dir/Core/Src/freertos.c.obj
                0x080011e0                StartDefaultTask
 *fill*         0x080011ea        0x2 
 .text.StartSignalTask
                0x080011ec       0x30 CMakeFiles/Software.elf.dir/Core/Src/freertos.c.obj
                0x080011ec                StartSignalTask
 .text.MX_FREERTOS_Init
                0x0800121c       0x38 CMakeFiles/Software.elf.dir/Core/Src/freertos.c.obj
                0x0800121c                MX_FREERTOS_Init
 .text.MX_GPIO_Init
                0x08001254      0x148 CMakeFiles/Software.elf.dir/Core/Src/gpio.c.obj
                0x08001254                MX_GPIO_Init
 .text.MX_I2C4_Init
                0x0800139c       0x58 CMakeFiles/Software.elf.dir/Core/Src/i2c.c.obj
                0x0800139c                MX_I2C4_Init
 .text.HAL_I2C_MspInit
                0x080013f4       0x94 CMakeFiles/Software.elf.dir/Core/Src/i2c.c.obj
                0x080013f4                HAL_I2C_MspInit
 .text.HAL_TIM_PeriodElapsedCallback
                0x08001488       0x18 CMakeFiles/Software.elf.dir/Core/Src/main.c.obj
                0x08001488                HAL_TIM_PeriodElapsedCallback
 .text.Error_Handler
                0x080014a0        0x4 CMakeFiles/Software.elf.dir/Core/Src/main.c.obj
                0x080014a0                Error_Handler
 .text.SystemClock_Config
                0x080014a4       0xcc CMakeFiles/Software.elf.dir/Core/Src/main.c.obj
                0x080014a4                SystemClock_Config
 .text.PeriphCommonClock_Config
                0x08001570       0x26 CMakeFiles/Software.elf.dir/Core/Src/main.c.obj
                0x08001570                PeriphCommonClock_Config
 .text.main     0x08001596       0x30 CMakeFiles/Software.elf.dir/Core/Src/main.c.obj
                0x08001596                main
 *fill*         0x080015c6        0x2 
 .text.MX_SPI2_Init
                0x080015c8       0x5c CMakeFiles/Software.elf.dir/Core/Src/spi.c.obj
                0x080015c8                MX_SPI2_Init
 .text.HAL_SPI_MspInit
                0x08001624       0x9c CMakeFiles/Software.elf.dir/Core/Src/spi.c.obj
                0x08001624                HAL_SPI_MspInit
 .text.HAL_MspInit
                0x080016c0       0x34 CMakeFiles/Software.elf.dir/Core/Src/stm32h7xx_hal_msp.c.obj
                0x080016c0                HAL_MspInit
 .text.HAL_InitTick
                0x080016f4       0x90 CMakeFiles/Software.elf.dir/Core/Src/stm32h7xx_hal_timebase_tim.c.obj
                0x080016f4                HAL_InitTick
 .text.NMI_Handler
                0x08001784        0x2 CMakeFiles/Software.elf.dir/Core/Src/stm32h7xx_it.c.obj
                0x08001784                NMI_Handler
 .text.HardFault_Handler
                0x08001786        0x2 CMakeFiles/Software.elf.dir/Core/Src/stm32h7xx_it.c.obj
                0x08001786                HardFault_Handler
 .text.MemManage_Handler
                0x08001788        0x2 CMakeFiles/Software.elf.dir/Core/Src/stm32h7xx_it.c.obj
                0x08001788                MemManage_Handler
 .text.BusFault_Handler
                0x0800178a        0x2 CMakeFiles/Software.elf.dir/Core/Src/stm32h7xx_it.c.obj
                0x0800178a                BusFault_Handler
 .text.UsageFault_Handler
                0x0800178c        0x2 CMakeFiles/Software.elf.dir/Core/Src/stm32h7xx_it.c.obj
                0x0800178c                UsageFault_Handler
 .text.DebugMon_Handler
                0x0800178e        0x2 CMakeFiles/Software.elf.dir/Core/Src/stm32h7xx_it.c.obj
                0x0800178e                DebugMon_Handler
 .text.TIM1_UP_IRQHandler
                0x08001790       0x10 CMakeFiles/Software.elf.dir/Core/Src/stm32h7xx_it.c.obj
                0x08001790                TIM1_UP_IRQHandler
 .text._getpid  0x080017a0        0x4 CMakeFiles/Software.elf.dir/Core/Src/syscalls.c.obj
                0x080017a0                _getpid
 .text._kill    0x080017a4       0x10 CMakeFiles/Software.elf.dir/Core/Src/syscalls.c.obj
                0x080017a4                _kill
 .text._exit    0x080017b4        0xc CMakeFiles/Software.elf.dir/Core/Src/syscalls.c.obj
                0x080017b4                _exit
 .text._read    0x080017c0       0x20 CMakeFiles/Software.elf.dir/Core/Src/syscalls.c.obj
                0x080017c0                _read
 .text._write   0x080017e0       0x1c CMakeFiles/Software.elf.dir/Core/Src/syscalls.c.obj
                0x080017e0                _write
 .text._close   0x080017fc        0x6 CMakeFiles/Software.elf.dir/Core/Src/syscalls.c.obj
                0x080017fc                _close
 .text._fstat   0x08001802        0xa CMakeFiles/Software.elf.dir/Core/Src/syscalls.c.obj
                0x08001802                _fstat
 .text._isatty  0x0800180c        0x4 CMakeFiles/Software.elf.dir/Core/Src/syscalls.c.obj
                0x0800180c                _isatty
 .text._lseek   0x08001810        0x4 CMakeFiles/Software.elf.dir/Core/Src/syscalls.c.obj
                0x08001810                _lseek
 .text._sbrk    0x08001814       0x48 CMakeFiles/Software.elf.dir/Core/Src/sysmem.c.obj
                0x08001814                _sbrk
 .text.SystemInit
                0x0800185c       0xcc CMakeFiles/Software.elf.dir/Core/Src/system_stm32h7xx.c.obj
                0x0800185c                SystemInit
 .text.MX_UART4_Init
                0x08001928       0x68 CMakeFiles/Software.elf.dir/Core/Src/usart.c.obj
                0x08001928                MX_UART4_Init
 .text.MX_USART1_UART_Init
                0x08001990       0x68 CMakeFiles/Software.elf.dir/Core/Src/usart.c.obj
                0x08001990                MX_USART1_UART_Init
 .text.HAL_UART_MspInit
                0x080019f8      0x134 CMakeFiles/Software.elf.dir/Core/Src/usart.c.obj
                0x080019f8                HAL_UART_MspInit
 .text.__io_putchar
                0x08001b2c       0x20 CMakeFiles/Software.elf.dir/Core/Src/usart.c.obj
                0x08001b2c                __io_putchar
 .text.Reset_Handler
                0x08001b4c       0x50 CMakeFiles/Software.elf.dir/Core/Startup/startup_stm32h750xbhx.s.obj
                0x08001b4c                Reset_Handler
 .text.Default_Handler
                0x08001b9c        0x2 CMakeFiles/Software.elf.dir/Core/Startup/startup_stm32h750xbhx.s.obj
                0x08001b9c                RTC_Alarm_IRQHandler
                0x08001b9c                HASH_RNG_IRQHandler
                0x08001b9c                EXTI2_IRQHandler
                0x08001b9c                TIM8_CC_IRQHandler
                0x08001b9c                HRTIM1_Master_IRQHandler
                0x08001b9c                UART8_IRQHandler
                0x08001b9c                SPI4_IRQHandler
                0x08001b9c                TIM1_CC_IRQHandler
                0x08001b9c                BDMA_Channel6_IRQHandler
                0x08001b9c                DMA2_Stream5_IRQHandler
                0x08001b9c                HRTIM1_FLT_IRQHandler
                0x08001b9c                JPEG_IRQHandler
                0x08001b9c                DMA1_Stream5_IRQHandler
                0x08001b9c                BDMA_Channel1_IRQHandler
                0x08001b9c                HRTIM1_TIMD_IRQHandler
                0x08001b9c                TAMP_STAMP_IRQHandler
                0x08001b9c                EXTI3_IRQHandler
                0x08001b9c                LPTIM4_IRQHandler
                0x08001b9c                TIM8_TRG_COM_TIM14_IRQHandler
                0x08001b9c                LPTIM2_IRQHandler
                0x08001b9c                DFSDM1_FLT1_IRQHandler
                0x08001b9c                DMAMUX2_OVR_IRQHandler
                0x08001b9c                TIM8_UP_TIM13_IRQHandler
                0x08001b9c                I2C3_ER_IRQHandler
                0x08001b9c                DFSDM1_FLT2_IRQHandler
                0x08001b9c                MDMA_IRQHandler
                0x08001b9c                LPTIM3_IRQHandler
                0x08001b9c                HSEM1_IRQHandler
                0x08001b9c                EXTI0_IRQHandler
                0x08001b9c                I2C2_EV_IRQHandler
                0x08001b9c                DMA1_Stream2_IRQHandler
                0x08001b9c                FPU_IRQHandler
                0x08001b9c                OTG_HS_WKUP_IRQHandler
                0x08001b9c                FDCAN1_IT1_IRQHandler
                0x08001b9c                LTDC_ER_IRQHandler
                0x08001b9c                DMA2_Stream2_IRQHandler
                0x08001b9c                HRTIM1_TIME_IRQHandler
                0x08001b9c                SPI1_IRQHandler
                0x08001b9c                TIM6_DAC_IRQHandler
                0x08001b9c                DCMI_IRQHandler
                0x08001b9c                HRTIM1_TIMC_IRQHandler
                0x08001b9c                DMA2_Stream3_IRQHandler
                0x08001b9c                SAI2_IRQHandler
                0x08001b9c                DFSDM1_FLT3_IRQHandler
                0x08001b9c                USART6_IRQHandler
                0x08001b9c                TIM17_IRQHandler
                0x08001b9c                USART3_IRQHandler
                0x08001b9c                BDMA_Channel7_IRQHandler
                0x08001b9c                CRYP_IRQHandler
                0x08001b9c                LPTIM5_IRQHandler
                0x08001b9c                UART5_IRQHandler
                0x08001b9c                ADC3_IRQHandler
                0x08001b9c                DMA2_Stream0_IRQHandler
                0x08001b9c                TIM4_IRQHandler
                0x08001b9c                BDMA_Channel2_IRQHandler
                0x08001b9c                QUADSPI_IRQHandler
                0x08001b9c                I2C1_EV_IRQHandler
                0x08001b9c                DMA1_Stream6_IRQHandler
                0x08001b9c                DMAMUX1_OVR_IRQHandler
                0x08001b9c                DMA1_Stream1_IRQHandler
                0x08001b9c                TIM16_IRQHandler
                0x08001b9c                UART4_IRQHandler
                0x08001b9c                BDMA_Channel5_IRQHandler
                0x08001b9c                TIM3_IRQHandler
                0x08001b9c                RCC_IRQHandler
                0x08001b9c                TIM8_BRK_TIM12_IRQHandler
                0x08001b9c                TIM1_TRG_COM_IRQHandler
                0x08001b9c                Default_Handler
                0x08001b9c                ECC_IRQHandler
                0x08001b9c                CEC_IRQHandler
                0x08001b9c                EXTI15_10_IRQHandler
                0x08001b9c                BDMA_Channel0_IRQHandler
                0x08001b9c                ADC_IRQHandler
                0x08001b9c                DMA1_Stream7_IRQHandler
                0x08001b9c                HRTIM1_TIMA_IRQHandler
                0x08001b9c                SPI5_IRQHandler
                0x08001b9c                TIM7_IRQHandler
                0x08001b9c                SDMMC1_IRQHandler
                0x08001b9c                TIM5_IRQHandler
                0x08001b9c                DMA2_Stream7_IRQHandler
                0x08001b9c                TIM15_IRQHandler
                0x08001b9c                PVD_AVD_IRQHandler
                0x08001b9c                I2C3_EV_IRQHandler
                0x08001b9c                EXTI9_5_IRQHandler
                0x08001b9c                RTC_WKUP_IRQHandler
                0x08001b9c                LTDC_IRQHandler
                0x08001b9c                SAI3_IRQHandler
                0x08001b9c                ETH_WKUP_IRQHandler
                0x08001b9c                SPDIF_RX_IRQHandler
                0x08001b9c                SPI2_IRQHandler
                0x08001b9c                OTG_HS_EP1_IN_IRQHandler
                0x08001b9c                DMA1_Stream0_IRQHandler
                0x08001b9c                CRS_IRQHandler
                0x08001b9c                EXTI4_IRQHandler
                0x08001b9c                HRTIM1_TIMB_IRQHandler
                0x08001b9c                FDCAN2_IT1_IRQHandler
                0x08001b9c                ETH_IRQHandler
                0x08001b9c                BDMA_Channel4_IRQHandler
                0x08001b9c                OTG_HS_EP1_OUT_IRQHandler
                0x08001b9c                WWDG_IRQHandler
                0x08001b9c                SPI6_IRQHandler
                0x08001b9c                MDIOS_IRQHandler
                0x08001b9c                I2C4_EV_IRQHandler
                0x08001b9c                FDCAN2_IT0_IRQHandler
                0x08001b9c                LPUART1_IRQHandler
                0x08001b9c                FDCAN1_IT0_IRQHandler
                0x08001b9c                TIM2_IRQHandler
                0x08001b9c                OTG_FS_WKUP_IRQHandler
                0x08001b9c                OTG_HS_IRQHandler
                0x08001b9c                DMA2D_IRQHandler
                0x08001b9c                TIM1_BRK_IRQHandler
                0x08001b9c                EXTI1_IRQHandler
                0x08001b9c                SDMMC2_IRQHandler
                0x08001b9c                OTG_FS_EP1_OUT_IRQHandler
                0x08001b9c                BDMA_Channel3_IRQHandler
                0x08001b9c                UART7_IRQHandler
                0x08001b9c                MDIOS_WKUP_IRQHandler
                0x08001b9c                USART2_IRQHandler
                0x08001b9c                DFSDM1_FLT0_IRQHandler
                0x08001b9c                SAI4_IRQHandler
                0x08001b9c                I2C2_ER_IRQHandler
                0x08001b9c                DMA2_Stream1_IRQHandler
                0x08001b9c                FLASH_IRQHandler
                0x08001b9c                DMA2_Stream4_IRQHandler
                0x08001b9c                USART1_IRQHandler
                0x08001b9c                OTG_FS_IRQHandler
                0x08001b9c                SPI3_IRQHandler
                0x08001b9c                WAKEUP_PIN_IRQHandler
                0x08001b9c                DMA1_Stream4_IRQHandler
                0x08001b9c                OTG_FS_EP1_IN_IRQHandler
                0x08001b9c                I2C1_ER_IRQHandler
                0x08001b9c                FMC_IRQHandler
                0x08001b9c                FDCAN_CAL_IRQHandler
                0x08001b9c                SWPMI1_IRQHandler
                0x08001b9c                COMP1_IRQHandler
                0x08001b9c                LPTIM1_IRQHandler
                0x08001b9c                I2C4_ER_IRQHandler
                0x08001b9c                DMA2_Stream6_IRQHandler
                0x08001b9c                SAI1_IRQHandler
                0x08001b9c                DMA1_Stream3_IRQHandler
 *fill*         0x08001b9e        0x2 
 .text.Max30102_WriteReg
                0x08001ba0       0x34 CMakeFiles/Software.elf.dir/Core/User/MAX30102/MAX30102.c.obj
                0x08001ba0                Max30102_WriteReg
 .text.Max30102_ReadReg
                0x08001bd4       0x2c CMakeFiles/Software.elf.dir/Core/User/MAX30102/MAX30102.c.obj
                0x08001bd4                Max30102_ReadReg
 .text.Max30102_WriteRegisterBit
                0x08001c00       0x4e CMakeFiles/Software.elf.dir/Core/User/MAX30102/MAX30102.c.obj
                0x08001c00                Max30102_WriteRegisterBit
 .text.Max30102_SetIntAlmostFullEnabled
                0x08001c4e        0xe CMakeFiles/Software.elf.dir/Core/User/MAX30102/MAX30102.c.obj
                0x08001c4e                Max30102_SetIntAlmostFullEnabled
 .text.Max30102_SetIntFifoDataReadyEnabled
                0x08001c5c        0xe CMakeFiles/Software.elf.dir/Core/User/MAX30102/MAX30102.c.obj
                0x08001c5c                Max30102_SetIntFifoDataReadyEnabled
 .text.Max30102_FifoWritePointer
                0x08001c6a       0x14 CMakeFiles/Software.elf.dir/Core/User/MAX30102/MAX30102.c.obj
                0x08001c6a                Max30102_FifoWritePointer
 .text.Max30102_FifoOverflowCounter
                0x08001c7e       0x14 CMakeFiles/Software.elf.dir/Core/User/MAX30102/MAX30102.c.obj
                0x08001c7e                Max30102_FifoOverflowCounter
 .text.Max30102_FifoReadPointer
                0x08001c92       0x14 CMakeFiles/Software.elf.dir/Core/User/MAX30102/MAX30102.c.obj
                0x08001c92                Max30102_FifoReadPointer
 .text.Max30102_FifoSampleAveraging
                0x08001ca6       0x3e CMakeFiles/Software.elf.dir/Core/User/MAX30102/MAX30102.c.obj
                0x08001ca6                Max30102_FifoSampleAveraging
 .text.Max30102_FifoRolloverEnable
                0x08001ce4       0x10 CMakeFiles/Software.elf.dir/Core/User/MAX30102/MAX30102.c.obj
                0x08001ce4                Max30102_FifoRolloverEnable
 .text.Max30102_FifoAlmostFullValue
                0x08001cf4       0x50 CMakeFiles/Software.elf.dir/Core/User/MAX30102/MAX30102.c.obj
                0x08001cf4                Max30102_FifoAlmostFullValue
 .text.Max30102_Reset
                0x08001d44       0x3c CMakeFiles/Software.elf.dir/Core/User/MAX30102/MAX30102.c.obj
                0x08001d44                Max30102_Reset
 .text.Max30102_SetMode
                0x08001d80       0x3e CMakeFiles/Software.elf.dir/Core/User/MAX30102/MAX30102.c.obj
                0x08001d80                Max30102_SetMode
 .text.Max30102_SpO2AdcRange
                0x08001dbe       0x40 CMakeFiles/Software.elf.dir/Core/User/MAX30102/MAX30102.c.obj
                0x08001dbe                Max30102_SpO2AdcRange
 .text.Max30102_SpO2SampleRate
                0x08001dfe       0x40 CMakeFiles/Software.elf.dir/Core/User/MAX30102/MAX30102.c.obj
                0x08001dfe                Max30102_SpO2SampleRate
 .text.Max30102_SpO2LedPulseWidth
                0x08001e3e       0x3e CMakeFiles/Software.elf.dir/Core/User/MAX30102/MAX30102.c.obj
                0x08001e3e                Max30102_SpO2LedPulseWidth
 .text.Max30102_Led1PulseAmplitude
                0x08001e7c       0x12 CMakeFiles/Software.elf.dir/Core/User/MAX30102/MAX30102.c.obj
                0x08001e7c                Max30102_Led1PulseAmplitude
 .text.Max30102_Led2PulseAmplitude
                0x08001e8e       0x12 CMakeFiles/Software.elf.dir/Core/User/MAX30102/MAX30102.c.obj
                0x08001e8e                Max30102_Led2PulseAmplitude
 .text.Max30102_GetHeartRate
                0x08001ea0        0xc CMakeFiles/Software.elf.dir/Core/User/MAX30102/MAX30102.c.obj
                0x08001ea0                Max30102_GetHeartRate
 .text.Max30102_GetSpO2Value
                0x08001eac        0xc CMakeFiles/Software.elf.dir/Core/User/MAX30102/MAX30102.c.obj
                0x08001eac                Max30102_GetSpO2Value
 .text.Max30102_Task
                0x08001eb8      0x130 CMakeFiles/Software.elf.dir/Core/User/MAX30102/MAX30102.c.obj
                0x08001eb8                Max30102_Task
 .text.Max30102_Init
                0x08001fe8       0xf4 CMakeFiles/Software.elf.dir/Core/User/MAX30102/MAX30102.c.obj
                0x08001fe8                Max30102_Init
 .text.maxim_peaks_above_min_height
                0x080020dc       0x6c CMakeFiles/Software.elf.dir/Core/User/MAX30102/algorithm.c.obj
                0x080020dc                maxim_peaks_above_min_height
 .text.maxim_sort_ascend
                0x08002148       0x3a CMakeFiles/Software.elf.dir/Core/User/MAX30102/algorithm.c.obj
                0x08002148                maxim_sort_ascend
 .text.maxim_sort_indices_descend
                0x08002182       0x40 CMakeFiles/Software.elf.dir/Core/User/MAX30102/algorithm.c.obj
                0x08002182                maxim_sort_indices_descend
 .text.maxim_remove_close_peaks
                0x080021c2       0x72 CMakeFiles/Software.elf.dir/Core/User/MAX30102/algorithm.c.obj
                0x080021c2                maxim_remove_close_peaks
 .text.maxim_find_peaks
                0x08002234       0x2e CMakeFiles/Software.elf.dir/Core/User/MAX30102/algorithm.c.obj
                0x08002234                maxim_find_peaks
 *fill*         0x08002262        0x2 
 .text.maxim_heart_rate_and_oxygen_saturation
                0x08002264      0x4a8 CMakeFiles/Software.elf.dir/Core/User/MAX30102/algorithm.c.obj
                0x08002264                maxim_heart_rate_and_oxygen_saturation
 .text.HAL_Init
                0x0800270c       0x5c CMakeFiles/Software.elf.dir/Drivers/STM32H7xx_HAL_Driver/Src/stm32h7xx_hal.c.obj
                0x0800270c                HAL_Init
 .text.HAL_IncTick
                0x08002768       0x18 CMakeFiles/Software.elf.dir/Drivers/STM32H7xx_HAL_Driver/Src/stm32h7xx_hal.c.obj
                0x08002768                HAL_IncTick
 .text.HAL_GetTick
                0x08002780        0xc CMakeFiles/Software.elf.dir/Drivers/STM32H7xx_HAL_Driver/Src/stm32h7xx_hal.c.obj
                0x08002780                HAL_GetTick
 .text.HAL_GetREVID
                0x0800278c        0xc CMakeFiles/Software.elf.dir/Drivers/STM32H7xx_HAL_Driver/Src/stm32h7xx_hal.c.obj
                0x0800278c                HAL_GetREVID
 .text.HAL_NVIC_SetPriorityGrouping
                0x08002798       0x24 CMakeFiles/Software.elf.dir/Drivers/STM32H7xx_HAL_Driver/Src/stm32h7xx_hal_cortex.c.obj
                0x08002798                HAL_NVIC_SetPriorityGrouping
 .text.HAL_NVIC_SetPriority
                0x080027bc       0x6c CMakeFiles/Software.elf.dir/Drivers/STM32H7xx_HAL_Driver/Src/stm32h7xx_hal_cortex.c.obj
                0x080027bc                HAL_NVIC_SetPriority
 .text.HAL_NVIC_EnableIRQ
                0x08002828       0x1c CMakeFiles/Software.elf.dir/Drivers/STM32H7xx_HAL_Driver/Src/stm32h7xx_hal_cortex.c.obj
                0x08002828                HAL_NVIC_EnableIRQ
 .text.HAL_GPIO_Init
                0x08002844      0x220 CMakeFiles/Software.elf.dir/Drivers/STM32H7xx_HAL_Driver/Src/stm32h7xx_hal_gpio.c.obj
                0x08002844                HAL_GPIO_Init
 .text.HAL_GPIO_WritePin
                0x08002a64        0xc CMakeFiles/Software.elf.dir/Drivers/STM32H7xx_HAL_Driver/Src/stm32h7xx_hal_gpio.c.obj
                0x08002a64                HAL_GPIO_WritePin
 .text.I2C_Flush_TXDR
                0x08002a70       0x22 CMakeFiles/Software.elf.dir/Drivers/STM32H7xx_HAL_Driver/Src/stm32h7xx_hal_i2c.c.obj
 .text.I2C_TransferConfig
                0x08002a92       0x3c CMakeFiles/Software.elf.dir/Drivers/STM32H7xx_HAL_Driver/Src/stm32h7xx_hal_i2c.c.obj
 .text.I2C_IsErrorOccurred
                0x08002ace      0x130 CMakeFiles/Software.elf.dir/Drivers/STM32H7xx_HAL_Driver/Src/stm32h7xx_hal_i2c.c.obj
 .text.I2C_WaitOnTXISFlagUntilTimeout
                0x08002bfe       0x56 CMakeFiles/Software.elf.dir/Drivers/STM32H7xx_HAL_Driver/Src/stm32h7xx_hal_i2c.c.obj
 .text.I2C_WaitOnFlagUntilTimeout
                0x08002c54       0x5a CMakeFiles/Software.elf.dir/Drivers/STM32H7xx_HAL_Driver/Src/stm32h7xx_hal_i2c.c.obj
 *fill*         0x08002cae        0x2 
 .text.I2C_RequestMemoryWrite
                0x08002cb0       0x7c CMakeFiles/Software.elf.dir/Drivers/STM32H7xx_HAL_Driver/Src/stm32h7xx_hal_i2c.c.obj
 .text.I2C_RequestMemoryRead
                0x08002d2c       0x78 CMakeFiles/Software.elf.dir/Drivers/STM32H7xx_HAL_Driver/Src/stm32h7xx_hal_i2c.c.obj
 .text.I2C_WaitOnSTOPFlagUntilTimeout
                0x08002da4       0x50 CMakeFiles/Software.elf.dir/Drivers/STM32H7xx_HAL_Driver/Src/stm32h7xx_hal_i2c.c.obj
 .text.HAL_I2C_Init
                0x08002df4       0xbc CMakeFiles/Software.elf.dir/Drivers/STM32H7xx_HAL_Driver/Src/stm32h7xx_hal_i2c.c.obj
                0x08002df4                HAL_I2C_Init
 .text.HAL_I2C_Mem_Write
                0x08002eb0      0x1aa CMakeFiles/Software.elf.dir/Drivers/STM32H7xx_HAL_Driver/Src/stm32h7xx_hal_i2c.c.obj
                0x08002eb0                HAL_I2C_Mem_Write
 *fill*         0x0800305a        0x2 
 .text.HAL_I2C_Mem_Read
                0x0800305c      0x1b0 CMakeFiles/Software.elf.dir/Drivers/STM32H7xx_HAL_Driver/Src/stm32h7xx_hal_i2c.c.obj
                0x0800305c                HAL_I2C_Mem_Read
 .text.HAL_I2CEx_ConfigAnalogFilter
                0x0800320c       0x5c CMakeFiles/Software.elf.dir/Drivers/STM32H7xx_HAL_Driver/Src/stm32h7xx_hal_i2c_ex.c.obj
                0x0800320c                HAL_I2CEx_ConfigAnalogFilter
 .text.HAL_I2CEx_ConfigDigitalFilter
                0x08003268       0x58 CMakeFiles/Software.elf.dir/Drivers/STM32H7xx_HAL_Driver/Src/stm32h7xx_hal_i2c_ex.c.obj
                0x08003268                HAL_I2CEx_ConfigDigitalFilter
 .text.HAL_PWREx_ConfigSupply
                0x080032c0       0x54 CMakeFiles/Software.elf.dir/Drivers/STM32H7xx_HAL_Driver/Src/stm32h7xx_hal_pwr_ex.c.obj
                0x080032c0                HAL_PWREx_ConfigSupply
 .text.HAL_RCC_OscConfig
                0x08003314      0x674 CMakeFiles/Software.elf.dir/Drivers/STM32H7xx_HAL_Driver/Src/stm32h7xx_hal_rcc.c.obj
                0x08003314                HAL_RCC_OscConfig
 .text.HAL_RCC_GetSysClockFreq
                0x08003988      0x1f4 CMakeFiles/Software.elf.dir/Drivers/STM32H7xx_HAL_Driver/Src/stm32h7xx_hal_rcc.c.obj
                0x08003988                HAL_RCC_GetSysClockFreq
 .text.HAL_RCC_ClockConfig
                0x08003b7c      0x294 CMakeFiles/Software.elf.dir/Drivers/STM32H7xx_HAL_Driver/Src/stm32h7xx_hal_rcc.c.obj
                0x08003b7c                HAL_RCC_ClockConfig
 .text.HAL_RCC_GetHCLKFreq
                0x08003e10       0x44 CMakeFiles/Software.elf.dir/Drivers/STM32H7xx_HAL_Driver/Src/stm32h7xx_hal_rcc.c.obj
                0x08003e10                HAL_RCC_GetHCLKFreq
 .text.HAL_RCC_GetPCLK1Freq
                0x08003e54       0x24 CMakeFiles/Software.elf.dir/Drivers/STM32H7xx_HAL_Driver/Src/stm32h7xx_hal_rcc.c.obj
                0x08003e54                HAL_RCC_GetPCLK1Freq
 .text.HAL_RCC_GetPCLK2Freq
                0x08003e78       0x24 CMakeFiles/Software.elf.dir/Drivers/STM32H7xx_HAL_Driver/Src/stm32h7xx_hal_rcc.c.obj
                0x08003e78                HAL_RCC_GetPCLK2Freq
 .text.HAL_RCC_GetClockConfig
                0x08003e9c       0x54 CMakeFiles/Software.elf.dir/Drivers/STM32H7xx_HAL_Driver/Src/stm32h7xx_hal_rcc.c.obj
                0x08003e9c                HAL_RCC_GetClockConfig
 .text.RCCEx_PLL2_Config
                0x08003ef0      0x10c CMakeFiles/Software.elf.dir/Drivers/STM32H7xx_HAL_Driver/Src/stm32h7xx_hal_rcc_ex.c.obj
 .text.RCCEx_PLL3_Config
                0x08003ffc      0x10c CMakeFiles/Software.elf.dir/Drivers/STM32H7xx_HAL_Driver/Src/stm32h7xx_hal_rcc_ex.c.obj
 .text.HAL_RCCEx_PeriphCLKConfig
                0x08004108      0x9c4 CMakeFiles/Software.elf.dir/Drivers/STM32H7xx_HAL_Driver/Src/stm32h7xx_hal_rcc_ex.c.obj
                0x08004108                HAL_RCCEx_PeriphCLKConfig
 .text.HAL_RCCEx_GetD3PCLK1Freq
                0x08004acc       0x24 CMakeFiles/Software.elf.dir/Drivers/STM32H7xx_HAL_Driver/Src/stm32h7xx_hal_rcc_ex.c.obj
                0x08004acc                HAL_RCCEx_GetD3PCLK1Freq
 .text.HAL_RCCEx_GetPLL2ClockFreq
                0x08004af0      0x1f8 CMakeFiles/Software.elf.dir/Drivers/STM32H7xx_HAL_Driver/Src/stm32h7xx_hal_rcc_ex.c.obj
                0x08004af0                HAL_RCCEx_GetPLL2ClockFreq
 .text.HAL_RCCEx_GetPLL3ClockFreq
                0x08004ce8      0x1f8 CMakeFiles/Software.elf.dir/Drivers/STM32H7xx_HAL_Driver/Src/stm32h7xx_hal_rcc_ex.c.obj
                0x08004ce8                HAL_RCCEx_GetPLL3ClockFreq
 .text.SPI_GetPacketSize
                0x08004ee0       0x10 CMakeFiles/Software.elf.dir/Drivers/STM32H7xx_HAL_Driver/Src/stm32h7xx_hal_spi.c.obj
 .text.HAL_SPI_Init
                0x08004ef0      0x168 CMakeFiles/Software.elf.dir/Drivers/STM32H7xx_HAL_Driver/Src/stm32h7xx_hal_spi.c.obj
                0x08004ef0                HAL_SPI_Init
 .text.HAL_TIM_Base_MspInit
                0x08005058        0x2 CMakeFiles/Software.elf.dir/Drivers/STM32H7xx_HAL_Driver/Src/stm32h7xx_hal_tim.c.obj
                0x08005058                HAL_TIM_Base_MspInit
 *fill*         0x0800505a        0x2 
 .text.HAL_TIM_Base_Start_IT
                0x0800505c       0x90 CMakeFiles/Software.elf.dir/Drivers/STM32H7xx_HAL_Driver/Src/stm32h7xx_hal_tim.c.obj
                0x0800505c                HAL_TIM_Base_Start_IT
 .text.HAL_TIM_OC_DelayElapsedCallback
                0x080050ec        0x2 CMakeFiles/Software.elf.dir/Drivers/STM32H7xx_HAL_Driver/Src/stm32h7xx_hal_tim.c.obj
                0x080050ec                HAL_TIM_OC_DelayElapsedCallback
 .text.HAL_TIM_IC_CaptureCallback
                0x080050ee        0x2 CMakeFiles/Software.elf.dir/Drivers/STM32H7xx_HAL_Driver/Src/stm32h7xx_hal_tim.c.obj
                0x080050ee                HAL_TIM_IC_CaptureCallback
 .text.HAL_TIM_PWM_PulseFinishedCallback
                0x080050f0        0x2 CMakeFiles/Software.elf.dir/Drivers/STM32H7xx_HAL_Driver/Src/stm32h7xx_hal_tim.c.obj
                0x080050f0                HAL_TIM_PWM_PulseFinishedCallback
 .text.HAL_TIM_TriggerCallback
                0x080050f2        0x2 CMakeFiles/Software.elf.dir/Drivers/STM32H7xx_HAL_Driver/Src/stm32h7xx_hal_tim.c.obj
                0x080050f2                HAL_TIM_TriggerCallback
 .text.HAL_TIM_IRQHandler
                0x080050f4      0x19a CMakeFiles/Software.elf.dir/Drivers/STM32H7xx_HAL_Driver/Src/stm32h7xx_hal_tim.c.obj
                0x080050f4                HAL_TIM_IRQHandler
 *fill*         0x0800528e        0x2 
 .text.TIM_Base_SetConfig
                0x08005290      0x104 CMakeFiles/Software.elf.dir/Drivers/STM32H7xx_HAL_Driver/Src/stm32h7xx_hal_tim.c.obj
                0x08005290                TIM_Base_SetConfig
 .text.HAL_TIM_Base_Init
                0x08005394       0x60 CMakeFiles/Software.elf.dir/Drivers/STM32H7xx_HAL_Driver/Src/stm32h7xx_hal_tim.c.obj
                0x08005394                HAL_TIM_Base_Init
 .text.HAL_TIMEx_CommutCallback
                0x080053f4        0x2 CMakeFiles/Software.elf.dir/Drivers/STM32H7xx_HAL_Driver/Src/stm32h7xx_hal_tim_ex.c.obj
                0x080053f4                HAL_TIMEx_CommutCallback
 .text.HAL_TIMEx_BreakCallback
                0x080053f6        0x2 CMakeFiles/Software.elf.dir/Drivers/STM32H7xx_HAL_Driver/Src/stm32h7xx_hal_tim_ex.c.obj
                0x080053f6                HAL_TIMEx_BreakCallback
 .text.HAL_TIMEx_Break2Callback
                0x080053f8        0x2 CMakeFiles/Software.elf.dir/Drivers/STM32H7xx_HAL_Driver/Src/stm32h7xx_hal_tim_ex.c.obj
                0x080053f8                HAL_TIMEx_Break2Callback
 *fill*         0x080053fa        0x2 
 .text.UART_SetConfig
                0x080053fc      0x5f4 CMakeFiles/Software.elf.dir/Drivers/STM32H7xx_HAL_Driver/Src/stm32h7xx_hal_uart.c.obj
                0x080053fc                UART_SetConfig
 .text.UART_AdvFeatureConfig
                0x080059f0       0xca CMakeFiles/Software.elf.dir/Drivers/STM32H7xx_HAL_Driver/Src/stm32h7xx_hal_uart.c.obj
                0x080059f0                UART_AdvFeatureConfig
 .text.UART_WaitOnFlagUntilTimeout
                0x08005aba       0xdc CMakeFiles/Software.elf.dir/Drivers/STM32H7xx_HAL_Driver/Src/stm32h7xx_hal_uart.c.obj
                0x08005aba                UART_WaitOnFlagUntilTimeout
 .text.HAL_UART_Transmit
                0x08005b96       0xda CMakeFiles/Software.elf.dir/Drivers/STM32H7xx_HAL_Driver/Src/stm32h7xx_hal_uart.c.obj
                0x08005b96                HAL_UART_Transmit
 .text.UART_CheckIdleState
                0x08005c70       0x74 CMakeFiles/Software.elf.dir/Drivers/STM32H7xx_HAL_Driver/Src/stm32h7xx_hal_uart.c.obj
                0x08005c70                UART_CheckIdleState
 .text.HAL_UART_Init
                0x08005ce4       0x66 CMakeFiles/Software.elf.dir/Drivers/STM32H7xx_HAL_Driver/Src/stm32h7xx_hal_uart.c.obj
                0x08005ce4                HAL_UART_Init
 *fill*         0x08005d4a        0x2 
 .text.UARTEx_SetNbDataToProcess
                0x08005d4c       0x4c CMakeFiles/Software.elf.dir/Drivers/STM32H7xx_HAL_Driver/Src/stm32h7xx_hal_uart_ex.c.obj
 .text.HAL_UARTEx_DisableFifoMode
                0x08005d98       0x3e CMakeFiles/Software.elf.dir/Drivers/STM32H7xx_HAL_Driver/Src/stm32h7xx_hal_uart_ex.c.obj
                0x08005d98                HAL_UARTEx_DisableFifoMode
 .text.HAL_UARTEx_SetTxFifoThreshold
                0x08005dd6       0x4a CMakeFiles/Software.elf.dir/Drivers/STM32H7xx_HAL_Driver/Src/stm32h7xx_hal_uart_ex.c.obj
                0x08005dd6                HAL_UARTEx_SetTxFifoThreshold
 .text.HAL_UARTEx_SetRxFifoThreshold
                0x08005e20       0x4a CMakeFiles/Software.elf.dir/Drivers/STM32H7xx_HAL_Driver/Src/stm32h7xx_hal_uart_ex.c.obj
                0x08005e20                HAL_UARTEx_SetRxFifoThreshold
 .text.SysTick_Handler
                0x08005e6a       0x18 CMakeFiles/Software.elf.dir/Middlewares/Third_Party/FreeRTOS/Source/CMSIS_RTOS_V2/cmsis_os2.c.obj
                0x08005e6a                SysTick_Handler
 *fill*         0x08005e82        0x2 
 .text.osKernelInitialize
                0x08005e84       0x24 CMakeFiles/Software.elf.dir/Middlewares/Third_Party/FreeRTOS/Source/CMSIS_RTOS_V2/cmsis_os2.c.obj
                0x08005e84                osKernelInitialize
 .text.osKernelStart
                0x08005ea8       0x38 CMakeFiles/Software.elf.dir/Middlewares/Third_Party/FreeRTOS/Source/CMSIS_RTOS_V2/cmsis_os2.c.obj
                0x08005ea8                osKernelStart
 .text.osThreadNew
                0x08005ee0       0xbe CMakeFiles/Software.elf.dir/Middlewares/Third_Party/FreeRTOS/Source/CMSIS_RTOS_V2/cmsis_os2.c.obj
                0x08005ee0                osThreadNew
 .text.osDelay  0x08005f9e       0x1c CMakeFiles/Software.elf.dir/Middlewares/Third_Party/FreeRTOS/Source/CMSIS_RTOS_V2/cmsis_os2.c.obj
                0x08005f9e                osDelay
 *fill*         0x08005fba        0x2 
 .text.vApplicationGetIdleTaskMemory
                0x08005fbc       0x18 CMakeFiles/Software.elf.dir/Middlewares/Third_Party/FreeRTOS/Source/CMSIS_RTOS_V2/cmsis_os2.c.obj
                0x08005fbc                vApplicationGetIdleTaskMemory
 .text.vApplicationGetTimerTaskMemory
                0x08005fd4       0x18 CMakeFiles/Software.elf.dir/Middlewares/Third_Party/FreeRTOS/Source/CMSIS_RTOS_V2/cmsis_os2.c.obj
                0x08005fd4                vApplicationGetTimerTaskMemory
 .text.vListInitialise
                0x08005fec       0x16 CMakeFiles/Software.elf.dir/Middlewares/Third_Party/FreeRTOS/Source/list.c.obj
                0x08005fec                vListInitialise
 .text.vListInitialiseItem
                0x08006002        0x6 CMakeFiles/Software.elf.dir/Middlewares/Third_Party/FreeRTOS/Source/list.c.obj
                0x08006002                vListInitialiseItem
 .text.vListInsertEnd
                0x08006008       0x16 CMakeFiles/Software.elf.dir/Middlewares/Third_Party/FreeRTOS/Source/list.c.obj
                0x08006008                vListInsertEnd
 .text.vListInsert
                0x0800601e       0x32 CMakeFiles/Software.elf.dir/Middlewares/Third_Party/FreeRTOS/Source/list.c.obj
                0x0800601e                vListInsert
 .text.uxListRemove
                0x08006050       0x26 CMakeFiles/Software.elf.dir/Middlewares/Third_Party/FreeRTOS/Source/list.c.obj
                0x08006050                uxListRemove
 *fill*         0x08006076        0x2 
 .text.prvTaskExitError
                0x08006078       0x40 CMakeFiles/Software.elf.dir/Middlewares/Third_Party/FreeRTOS/Source/portable/GCC/ARM_CM4F/port.c.obj
 .text.prvPortStartFirstTask
                0x080060b8       0x28 CMakeFiles/Software.elf.dir/Middlewares/Third_Party/FreeRTOS/Source/portable/GCC/ARM_CM4F/port.c.obj
 .text.vPortEnableVFP
                0x080060e0       0x14 CMakeFiles/Software.elf.dir/Middlewares/Third_Party/FreeRTOS/Source/portable/GCC/ARM_CM4F/port.c.obj
 .text.pxPortInitialiseStack
                0x080060f4       0x2c CMakeFiles/Software.elf.dir/Middlewares/Third_Party/FreeRTOS/Source/portable/GCC/ARM_CM4F/port.c.obj
                0x080060f4                pxPortInitialiseStack
 .text.SVC_Handler
                0x08006120       0x24 CMakeFiles/Software.elf.dir/Middlewares/Third_Party/FreeRTOS/Source/portable/GCC/ARM_CM4F/port.c.obj
                0x08006120                SVC_Handler
 .text.vPortEnterCritical
                0x08006144       0x44 CMakeFiles/Software.elf.dir/Middlewares/Third_Party/FreeRTOS/Source/portable/GCC/ARM_CM4F/port.c.obj
                0x08006144                vPortEnterCritical
 .text.vPortExitCritical
                0x08006188       0x2c CMakeFiles/Software.elf.dir/Middlewares/Third_Party/FreeRTOS/Source/portable/GCC/ARM_CM4F/port.c.obj
                0x08006188                vPortExitCritical
 *fill*         0x080061b4        0xc 
 .text.PendSV_Handler
                0x080061c0       0x64 CMakeFiles/Software.elf.dir/Middlewares/Third_Party/FreeRTOS/Source/portable/GCC/ARM_CM4F/port.c.obj
                0x080061c0                PendSV_Handler
 .text.xPortSysTickHandler
                0x08006224       0x2c CMakeFiles/Software.elf.dir/Middlewares/Third_Party/FreeRTOS/Source/portable/GCC/ARM_CM4F/port.c.obj
                0x08006224                xPortSysTickHandler
 .text.vPortSetupTimerInterrupt
                0x08006250       0x28 CMakeFiles/Software.elf.dir/Middlewares/Third_Party/FreeRTOS/Source/portable/GCC/ARM_CM4F/port.c.obj
                0x08006250                vPortSetupTimerInterrupt
 .text.xPortStartScheduler
                0x08006278      0x118 CMakeFiles/Software.elf.dir/Middlewares/Third_Party/FreeRTOS/Source/portable/GCC/ARM_CM4F/port.c.obj
                0x08006278                xPortStartScheduler
 .text.vPortValidateInterruptPriority
                0x08006390       0x5c CMakeFiles/Software.elf.dir/Middlewares/Third_Party/FreeRTOS/Source/portable/GCC/ARM_CM4F/port.c.obj
                0x08006390                vPortValidateInterruptPriority
 .text.prvHeapInit
                0x080063ec       0x64 CMakeFiles/Software.elf.dir/Middlewares/Third_Party/FreeRTOS/Source/portable/MemMang/heap_4.c.obj
 .text.prvInsertBlockIntoFreeList
                0x08006450       0x64 CMakeFiles/Software.elf.dir/Middlewares/Third_Party/FreeRTOS/Source/portable/MemMang/heap_4.c.obj
 .text.pvPortMalloc
                0x080064b4       0xfc CMakeFiles/Software.elf.dir/Middlewares/Third_Party/FreeRTOS/Source/portable/MemMang/heap_4.c.obj
                0x080064b4                pvPortMalloc
 .text.vPortFree
                0x080065b0       0x7c CMakeFiles/Software.elf.dir/Middlewares/Third_Party/FreeRTOS/Source/portable/MemMang/heap_4.c.obj
                0x080065b0                vPortFree
 .text.prvIsQueueFull
                0x0800662c       0x1e CMakeFiles/Software.elf.dir/Middlewares/Third_Party/FreeRTOS/Source/queue.c.obj
 .text.prvIsQueueEmpty
                0x0800664a       0x1a CMakeFiles/Software.elf.dir/Middlewares/Third_Party/FreeRTOS/Source/queue.c.obj
 .text.prvCopyDataToQueue
                0x08006664       0x76 CMakeFiles/Software.elf.dir/Middlewares/Third_Party/FreeRTOS/Source/queue.c.obj
 .text.prvCopyDataFromQueue
                0x080066da       0x24 CMakeFiles/Software.elf.dir/Middlewares/Third_Party/FreeRTOS/Source/queue.c.obj
 .text.prvUnlockQueue
                0x080066fe       0x6e CMakeFiles/Software.elf.dir/Middlewares/Third_Party/FreeRTOS/Source/queue.c.obj
 .text.xQueueGenericReset
                0x0800676c       0x84 CMakeFiles/Software.elf.dir/Middlewares/Third_Party/FreeRTOS/Source/queue.c.obj
                0x0800676c                xQueueGenericReset
 .text.prvInitialiseNewQueue
                0x080067f0       0x22 CMakeFiles/Software.elf.dir/Middlewares/Third_Party/FreeRTOS/Source/queue.c.obj
 .text.xQueueGenericCreateStatic
                0x08006812       0xa6 CMakeFiles/Software.elf.dir/Middlewares/Third_Party/FreeRTOS/Source/queue.c.obj
                0x08006812                xQueueGenericCreateStatic
 .text.xQueueGenericSend
                0x080068b8      0x188 CMakeFiles/Software.elf.dir/Middlewares/Third_Party/FreeRTOS/Source/queue.c.obj
                0x080068b8                xQueueGenericSend
 .text.xQueueGenericSendFromISR
                0x08006a40       0xce CMakeFiles/Software.elf.dir/Middlewares/Third_Party/FreeRTOS/Source/queue.c.obj
                0x08006a40                xQueueGenericSendFromISR
 .text.xQueueReceive
                0x08006b0e      0x15e CMakeFiles/Software.elf.dir/Middlewares/Third_Party/FreeRTOS/Source/queue.c.obj
                0x08006b0e                xQueueReceive
 .text.vQueueAddToRegistry
                0x08006c6c       0x28 CMakeFiles/Software.elf.dir/Middlewares/Third_Party/FreeRTOS/Source/queue.c.obj
                0x08006c6c                vQueueAddToRegistry
 .text.vQueueWaitForMessageRestricted
                0x08006c94       0x52 CMakeFiles/Software.elf.dir/Middlewares/Third_Party/FreeRTOS/Source/queue.c.obj
                0x08006c94                vQueueWaitForMessageRestricted
 *fill*         0x08006ce6        0x2 
 .text.prvResetNextTaskUnblockTime
                0x08006ce8       0x2c CMakeFiles/Software.elf.dir/Middlewares/Third_Party/FreeRTOS/Source/tasks.c.obj
 .text.prvInitialiseNewTask
                0x08006d14      0x106 CMakeFiles/Software.elf.dir/Middlewares/Third_Party/FreeRTOS/Source/tasks.c.obj
 *fill*         0x08006e1a        0x2 
 .text.prvInitialiseTaskLists
                0x08006e1c       0x68 CMakeFiles/Software.elf.dir/Middlewares/Third_Party/FreeRTOS/Source/tasks.c.obj
 .text.prvAddNewTaskToReadyList
                0x08006e84       0xac CMakeFiles/Software.elf.dir/Middlewares/Third_Party/FreeRTOS/Source/tasks.c.obj
 .text.prvDeleteTCB
                0x08006f30       0x40 CMakeFiles/Software.elf.dir/Middlewares/Third_Party/FreeRTOS/Source/tasks.c.obj
 .text.prvCheckTasksWaitingTermination
                0x08006f70       0x4c CMakeFiles/Software.elf.dir/Middlewares/Third_Party/FreeRTOS/Source/tasks.c.obj
 .text.prvIdleTask
                0x08006fbc       0x28 CMakeFiles/Software.elf.dir/Middlewares/Third_Party/FreeRTOS/Source/tasks.c.obj
 .text.prvAddCurrentTaskToDelayedList
                0x08006fe4       0x84 CMakeFiles/Software.elf.dir/Middlewares/Third_Party/FreeRTOS/Source/tasks.c.obj
 .text.xTaskCreateStatic
                0x08007068       0x7a CMakeFiles/Software.elf.dir/Middlewares/Third_Party/FreeRTOS/Source/tasks.c.obj
                0x08007068                xTaskCreateStatic
 .text.xTaskCreate
                0x080070e2       0x6a CMakeFiles/Software.elf.dir/Middlewares/Third_Party/FreeRTOS/Source/tasks.c.obj
                0x080070e2                xTaskCreate
 .text.vTaskStartScheduler
                0x0800714c       0xac CMakeFiles/Software.elf.dir/Middlewares/Third_Party/FreeRTOS/Source/tasks.c.obj
                0x0800714c                vTaskStartScheduler
 .text.vTaskSuspendAll
                0x080071f8       0x10 CMakeFiles/Software.elf.dir/Middlewares/Third_Party/FreeRTOS/Source/tasks.c.obj
                0x080071f8                vTaskSuspendAll
 .text.xTaskGetTickCount
                0x08007208        0xc CMakeFiles/Software.elf.dir/Middlewares/Third_Party/FreeRTOS/Source/tasks.c.obj
                0x08007208                xTaskGetTickCount
 .text.xTaskIncrementTick
                0x08007214      0x118 CMakeFiles/Software.elf.dir/Middlewares/Third_Party/FreeRTOS/Source/tasks.c.obj
                0x08007214                xTaskIncrementTick
 .text.xTaskResumeAll
                0x0800732c       0xf8 CMakeFiles/Software.elf.dir/Middlewares/Third_Party/FreeRTOS/Source/tasks.c.obj
                0x0800732c                xTaskResumeAll
 .text.vTaskDelay
                0x08007424       0x4c CMakeFiles/Software.elf.dir/Middlewares/Third_Party/FreeRTOS/Source/tasks.c.obj
                0x08007424                vTaskDelay
 .text.vTaskSwitchContext
                0x08007470       0xa0 CMakeFiles/Software.elf.dir/Middlewares/Third_Party/FreeRTOS/Source/tasks.c.obj
                0x08007470                vTaskSwitchContext
 .text.vTaskPlaceOnEventList
                0x08007510       0x30 CMakeFiles/Software.elf.dir/Middlewares/Third_Party/FreeRTOS/Source/tasks.c.obj
                0x08007510                vTaskPlaceOnEventList
 .text.vTaskPlaceOnEventListRestricted
                0x08007540       0x38 CMakeFiles/Software.elf.dir/Middlewares/Third_Party/FreeRTOS/Source/tasks.c.obj
                0x08007540                vTaskPlaceOnEventListRestricted
 .text.xTaskRemoveFromEventList
                0x08007578       0x8c CMakeFiles/Software.elf.dir/Middlewares/Third_Party/FreeRTOS/Source/tasks.c.obj
                0x08007578                xTaskRemoveFromEventList
 .text.vTaskInternalSetTimeOutState
                0x08007604       0x18 CMakeFiles/Software.elf.dir/Middlewares/Third_Party/FreeRTOS/Source/tasks.c.obj
                0x08007604                vTaskInternalSetTimeOutState
 .text.xTaskCheckForTimeOut
                0x0800761c       0x84 CMakeFiles/Software.elf.dir/Middlewares/Third_Party/FreeRTOS/Source/tasks.c.obj
                0x0800761c                xTaskCheckForTimeOut
 .text.vTaskMissedYield
                0x080076a0        0xc CMakeFiles/Software.elf.dir/Middlewares/Third_Party/FreeRTOS/Source/tasks.c.obj
                0x080076a0                vTaskMissedYield
 .text.xTaskGetSchedulerState
                0x080076ac       0x20 CMakeFiles/Software.elf.dir/Middlewares/Third_Party/FreeRTOS/Source/tasks.c.obj
                0x080076ac                xTaskGetSchedulerState
 .text.xTaskPriorityDisinherit
                0x080076cc       0x90 CMakeFiles/Software.elf.dir/Middlewares/Third_Party/FreeRTOS/Source/tasks.c.obj
                0x080076cc                xTaskPriorityDisinherit
 .text.prvGetNextExpireTime
                0x0800775c       0x20 CMakeFiles/Software.elf.dir/Middlewares/Third_Party/FreeRTOS/Source/timers.c.obj
 .text.prvInsertTimerInActiveList
                0x0800777c       0x50 CMakeFiles/Software.elf.dir/Middlewares/Third_Party/FreeRTOS/Source/timers.c.obj
 .text.prvCheckForValidListAndQueue
                0x080077cc       0x70 CMakeFiles/Software.elf.dir/Middlewares/Third_Party/FreeRTOS/Source/timers.c.obj
 .text.xTimerCreateTimerTask
                0x0800783c       0x64 CMakeFiles/Software.elf.dir/Middlewares/Third_Party/FreeRTOS/Source/timers.c.obj
                0x0800783c                xTimerCreateTimerTask
 .text.xTimerGenericCommand
                0x080078a0       0x6c CMakeFiles/Software.elf.dir/Middlewares/Third_Party/FreeRTOS/Source/timers.c.obj
                0x080078a0                xTimerGenericCommand
 .text.prvSwitchTimerLists
                0x0800790c       0x7c CMakeFiles/Software.elf.dir/Middlewares/Third_Party/FreeRTOS/Source/timers.c.obj
 .text.prvSampleTimeNow
                0x08007988       0x2c CMakeFiles/Software.elf.dir/Middlewares/Third_Party/FreeRTOS/Source/timers.c.obj
 .text.prvProcessExpiredTimer
                0x080079b4       0x6c CMakeFiles/Software.elf.dir/Middlewares/Third_Party/FreeRTOS/Source/timers.c.obj
 .text.prvProcessTimerOrBlockTask
                0x08007a20       0x78 CMakeFiles/Software.elf.dir/Middlewares/Third_Party/FreeRTOS/Source/timers.c.obj
 .text.prvProcessReceivedCommands
                0x08007a98      0x10c CMakeFiles/Software.elf.dir/Middlewares/Third_Party/FreeRTOS/Source/timers.c.obj
 .text.prvTimerTask
                0x08007ba4       0x16 CMakeFiles/Software.elf.dir/Middlewares/Third_Party/FreeRTOS/Source/timers.c.obj
 *fill*         0x08007bba        0x2 
 .text.__errno  0x08007bbc        0xc d:/progra~2/gnuarm~1/102021~1.10/bin/../lib/gcc/arm-none-eabi/10.3.1/../../../../arm-none-eabi/lib/thumb/v7e-m+fp/hard\libg.a(lib_a-errno.o)
                0x08007bbc                __errno
 .text.__libc_init_array
                0x08007bc8       0x48 d:/progra~2/gnuarm~1/102021~1.10/bin/../lib/gcc/arm-none-eabi/10.3.1/../../../../arm-none-eabi/lib/thumb/v7e-m+fp/hard\libg.a(lib_a-init.o)
                0x08007bc8                __libc_init_array
 .text.memset   0x08007c10       0xa4 d:/progra~2/gnuarm~1/102021~1.10/bin/../lib/gcc/arm-none-eabi/10.3.1/../../../../arm-none-eabi/lib/thumb/v7e-m+fp/hard\libg.a(lib_a-memset.o)
                0x08007c10                memset
 .text.printf   0x08007cb4       0x28 d:/progra~2/gnuarm~1/102021~1.10/bin/../lib/gcc/arm-none-eabi/10.3.1/../../../../arm-none-eabi/lib/thumb/v7e-m+fp/hard\libg.a(lib_a-printf.o)
                0x08007cb4                printf
 .text.cleanup_glue
                0x08007cdc       0x48 d:/progra~2/gnuarm~1/102021~1.10/bin/../lib/gcc/arm-none-eabi/10.3.1/../../../../arm-none-eabi/lib/thumb/v7e-m+fp/hard\libg.a(lib_a-reent.o)
                0x08007cdc                cleanup_glue
 .text._reclaim_reent
                0x08007d24       0x90 d:/progra~2/gnuarm~1/102021~1.10/bin/../lib/gcc/arm-none-eabi/10.3.1/../../../../arm-none-eabi/lib/thumb/v7e-m+fp/hard\libg.a(lib_a-reent.o)
                0x08007d24                _reclaim_reent
 *fill*         0x08007db4        0x4 
 .text._vfprintf_r
                0x08007db8     0x1b90 d:/progra~2/gnuarm~1/102021~1.10/bin/../lib/gcc/arm-none-eabi/10.3.1/../../../../arm-none-eabi/lib/thumb/v7e-m+fp/hard\libg.a(lib_a-vfprintf.o)
                0x08007db8                _vfprintf_r
 .text.__sbprintf
                0x08009948       0x80 d:/progra~2/gnuarm~1/102021~1.10/bin/../lib/gcc/arm-none-eabi/10.3.1/../../../../arm-none-eabi/lib/thumb/v7e-m+fp/hard\libg.a(lib_a-vfprintf.o)
 .text.__swsetup_r
                0x080099c8       0xd4 d:/progra~2/gnuarm~1/102021~1.10/bin/../lib/gcc/arm-none-eabi/10.3.1/../../../../arm-none-eabi/lib/thumb/v7e-m+fp/hard\libg.a(lib_a-wsetup.o)
                0x080099c8                __swsetup_r
 .text.startup.register_fini
                0x08009a9c       0x14 d:/progra~2/gnuarm~1/102021~1.10/bin/../lib/gcc/arm-none-eabi/10.3.1/../../../../arm-none-eabi/lib/thumb/v7e-m+fp/hard\libg.a(lib_a-__call_atexit.o)
 .text.atexit   0x08009ab0        0xc d:/progra~2/gnuarm~1/102021~1.10/bin/../lib/gcc/arm-none-eabi/10.3.1/../../../../arm-none-eabi/lib/thumb/v7e-m+fp/hard\libg.a(lib_a-atexit.o)
                0x08009ab0                atexit
 .text.quorem   0x08009abc      0x128 d:/progra~2/gnuarm~1/102021~1.10/bin/../lib/gcc/arm-none-eabi/10.3.1/../../../../arm-none-eabi/lib/thumb/v7e-m+fp/hard\libg.a(lib_a-dtoa.o)
 *fill*         0x08009be4        0x4 
 .text._dtoa_r  0x08009be8      0xf3c d:/progra~2/gnuarm~1/102021~1.10/bin/../lib/gcc/arm-none-eabi/10.3.1/../../../../arm-none-eabi/lib/thumb/v7e-m+fp/hard\libg.a(lib_a-dtoa.o)
                0x08009be8                _dtoa_r
 .text.__sflush_r
                0x0800ab24      0x130 d:/progra~2/gnuarm~1/102021~1.10/bin/../lib/gcc/arm-none-eabi/10.3.1/../../../../arm-none-eabi/lib/thumb/v7e-m+fp/hard\libg.a(lib_a-fflush.o)
                0x0800ab24                __sflush_r
 .text._fflush_r
                0x0800ac54       0x5c d:/progra~2/gnuarm~1/102021~1.10/bin/../lib/gcc/arm-none-eabi/10.3.1/../../../../arm-none-eabi/lib/thumb/v7e-m+fp/hard\libg.a(lib_a-fflush.o)
                0x0800ac54                _fflush_r
 .text._cleanup_r
                0x0800acb0        0xc d:/progra~2/gnuarm~1/102021~1.10/bin/../lib/gcc/arm-none-eabi/10.3.1/../../../../arm-none-eabi/lib/thumb/v7e-m+fp/hard\libg.a(lib_a-findfp.o)
                0x0800acb0                _cleanup_r
 .text.__sinit  0x0800acbc      0x10c d:/progra~2/gnuarm~1/102021~1.10/bin/../lib/gcc/arm-none-eabi/10.3.1/../../../../arm-none-eabi/lib/thumb/v7e-m+fp/hard\libg.a(lib_a-findfp.o)
                0x0800acbc                __sinit
 .text.__sfp_lock_acquire
                0x0800adc8        0xc d:/progra~2/gnuarm~1/102021~1.10/bin/../lib/gcc/arm-none-eabi/10.3.1/../../../../arm-none-eabi/lib/thumb/v7e-m+fp/hard\libg.a(lib_a-findfp.o)
                0x0800adc8                __sfp_lock_acquire
 .text.__sfp_lock_release
                0x0800add4        0xc d:/progra~2/gnuarm~1/102021~1.10/bin/../lib/gcc/arm-none-eabi/10.3.1/../../../../arm-none-eabi/lib/thumb/v7e-m+fp/hard\libg.a(lib_a-findfp.o)
                0x0800add4                __sfp_lock_release
 .text.__libc_fini_array
                0x0800ade0       0x2c d:/progra~2/gnuarm~1/102021~1.10/bin/../lib/gcc/arm-none-eabi/10.3.1/../../../../arm-none-eabi/lib/thumb/v7e-m+fp/hard\libg.a(lib_a-fini.o)
                0x0800ade0                __libc_fini_array
 .text._malloc_trim_r
                0x0800ae0c       0xa0 d:/progra~2/gnuarm~1/102021~1.10/bin/../lib/gcc/arm-none-eabi/10.3.1/../../../../arm-none-eabi/lib/thumb/v7e-m+fp/hard\libg.a(lib_a-freer.o)
                0x0800ae0c                _malloc_trim_r
 .text._free_r  0x0800aeac      0x20c d:/progra~2/gnuarm~1/102021~1.10/bin/../lib/gcc/arm-none-eabi/10.3.1/../../../../arm-none-eabi/lib/thumb/v7e-m+fp/hard\libg.a(lib_a-freer.o)
                0x0800aeac                _free_r
 .text.__sfvwrite_r
                0x0800b0b8      0x2f0 d:/progra~2/gnuarm~1/102021~1.10/bin/../lib/gcc/arm-none-eabi/10.3.1/../../../../arm-none-eabi/lib/thumb/v7e-m+fp/hard\libg.a(lib_a-fvwrite.o)
                0x0800b0b8                __sfvwrite_r
 .text._fwalk_reent
                0x0800b3a8       0x48 d:/progra~2/gnuarm~1/102021~1.10/bin/../lib/gcc/arm-none-eabi/10.3.1/../../../../arm-none-eabi/lib/thumb/v7e-m+fp/hard\libg.a(lib_a-fwalk.o)
                0x0800b3a8                _fwalk_reent
 .text._localeconv_r
                0x0800b3f0        0x8 d:/progra~2/gnuarm~1/102021~1.10/bin/../lib/gcc/arm-none-eabi/10.3.1/../../../../arm-none-eabi/lib/thumb/v7e-m+fp/hard\libg.a(lib_a-localeconv.o)
                0x0800b3f0                _localeconv_r
 .text.__retarget_lock_init_recursive
                0x0800b3f8        0x4 d:/progra~2/gnuarm~1/102021~1.10/bin/../lib/gcc/arm-none-eabi/10.3.1/../../../../arm-none-eabi/lib/thumb/v7e-m+fp/hard\libg.a(lib_a-lock.o)
                0x0800b3f8                __retarget_lock_init_recursive
 .text.__retarget_lock_close_recursive
                0x0800b3fc        0x4 d:/progra~2/gnuarm~1/102021~1.10/bin/../lib/gcc/arm-none-eabi/10.3.1/../../../../arm-none-eabi/lib/thumb/v7e-m+fp/hard\libg.a(lib_a-lock.o)
                0x0800b3fc                __retarget_lock_close_recursive
 .text.__retarget_lock_acquire_recursive
                0x0800b400        0x4 d:/progra~2/gnuarm~1/102021~1.10/bin/../lib/gcc/arm-none-eabi/10.3.1/../../../../arm-none-eabi/lib/thumb/v7e-m+fp/hard\libg.a(lib_a-lock.o)
                0x0800b400                __retarget_lock_acquire_recursive
 .text.__retarget_lock_release_recursive
                0x0800b404        0x4 d:/progra~2/gnuarm~1/102021~1.10/bin/../lib/gcc/arm-none-eabi/10.3.1/../../../../arm-none-eabi/lib/thumb/v7e-m+fp/hard\libg.a(lib_a-lock.o)
                0x0800b404                __retarget_lock_release_recursive
 .text.__smakebuf_r
                0x0800b408       0xe0 d:/progra~2/gnuarm~1/102021~1.10/bin/../lib/gcc/arm-none-eabi/10.3.1/../../../../arm-none-eabi/lib/thumb/v7e-m+fp/hard\libg.a(lib_a-makebuf.o)
                0x0800b408                __smakebuf_r
 .text._malloc_r
                0x0800b4e8      0x560 d:/progra~2/gnuarm~1/102021~1.10/bin/../lib/gcc/arm-none-eabi/10.3.1/../../../../arm-none-eabi/lib/thumb/v7e-m+fp/hard\libg.a(lib_a-mallocr.o)
                0x0800b4e8                _malloc_r
 .text.memmove  0x0800ba48       0xf8 d:/progra~2/gnuarm~1/102021~1.10/bin/../lib/gcc/arm-none-eabi/10.3.1/../../../../arm-none-eabi/lib/thumb/v7e-m+fp/hard\libg.a(lib_a-memmove.o)
                0x0800ba48                memmove
 .text.__malloc_lock
                0x0800bb40        0xc d:/progra~2/gnuarm~1/102021~1.10/bin/../lib/gcc/arm-none-eabi/10.3.1/../../../../arm-none-eabi/lib/thumb/v7e-m+fp/hard\libg.a(lib_a-mlock.o)
                0x0800bb40                __malloc_lock
 .text.__malloc_unlock
                0x0800bb4c        0xc d:/progra~2/gnuarm~1/102021~1.10/bin/../lib/gcc/arm-none-eabi/10.3.1/../../../../arm-none-eabi/lib/thumb/v7e-m+fp/hard\libg.a(lib_a-mlock.o)
                0x0800bb4c                __malloc_unlock
 .text._Balloc  0x0800bb58       0x4c d:/progra~2/gnuarm~1/102021~1.10/bin/../lib/gcc/arm-none-eabi/10.3.1/../../../../arm-none-eabi/lib/thumb/v7e-m+fp/hard\libg.a(lib_a-mprec.o)
                0x0800bb58                _Balloc
 .text._Bfree   0x0800bba4       0x14 d:/progra~2/gnuarm~1/102021~1.10/bin/../lib/gcc/arm-none-eabi/10.3.1/../../../../arm-none-eabi/lib/thumb/v7e-m+fp/hard\libg.a(lib_a-mprec.o)
                0x0800bba4                _Bfree
 .text.__multadd
                0x0800bbb8       0xa8 d:/progra~2/gnuarm~1/102021~1.10/bin/../lib/gcc/arm-none-eabi/10.3.1/../../../../arm-none-eabi/lib/thumb/v7e-m+fp/hard\libg.a(lib_a-mprec.o)
                0x0800bbb8                __multadd
 .text.__hi0bits
                0x0800bc60       0x40 d:/progra~2/gnuarm~1/102021~1.10/bin/../lib/gcc/arm-none-eabi/10.3.1/../../../../arm-none-eabi/lib/thumb/v7e-m+fp/hard\libg.a(lib_a-mprec.o)
                0x0800bc60                __hi0bits
 .text.__lo0bits
                0x0800bca0       0x60 d:/progra~2/gnuarm~1/102021~1.10/bin/../lib/gcc/arm-none-eabi/10.3.1/../../../../arm-none-eabi/lib/thumb/v7e-m+fp/hard\libg.a(lib_a-mprec.o)
                0x0800bca0                __lo0bits
 .text.__i2b    0x0800bd00       0x5c d:/progra~2/gnuarm~1/102021~1.10/bin/../lib/gcc/arm-none-eabi/10.3.1/../../../../arm-none-eabi/lib/thumb/v7e-m+fp/hard\libg.a(lib_a-mprec.o)
                0x0800bd00                __i2b
 .text.__multiply
                0x0800bd5c      0x15c d:/progra~2/gnuarm~1/102021~1.10/bin/../lib/gcc/arm-none-eabi/10.3.1/../../../../arm-none-eabi/lib/thumb/v7e-m+fp/hard\libg.a(lib_a-mprec.o)
                0x0800bd5c                __multiply
 .text.__pow5mult
                0x0800beb8       0xc0 d:/progra~2/gnuarm~1/102021~1.10/bin/../lib/gcc/arm-none-eabi/10.3.1/../../../../arm-none-eabi/lib/thumb/v7e-m+fp/hard\libg.a(lib_a-mprec.o)
                0x0800beb8                __pow5mult
 .text.__lshift
                0x0800bf78       0xf0 d:/progra~2/gnuarm~1/102021~1.10/bin/../lib/gcc/arm-none-eabi/10.3.1/../../../../arm-none-eabi/lib/thumb/v7e-m+fp/hard\libg.a(lib_a-mprec.o)
                0x0800bf78                __lshift
 .text.__mcmp   0x0800c068       0x44 d:/progra~2/gnuarm~1/102021~1.10/bin/../lib/gcc/arm-none-eabi/10.3.1/../../../../arm-none-eabi/lib/thumb/v7e-m+fp/hard\libg.a(lib_a-mprec.o)
                0x0800c068                __mcmp
 .text.__mdiff  0x0800c0ac      0x14c d:/progra~2/gnuarm~1/102021~1.10/bin/../lib/gcc/arm-none-eabi/10.3.1/../../../../arm-none-eabi/lib/thumb/v7e-m+fp/hard\libg.a(lib_a-mprec.o)
                0x0800c0ac                __mdiff
 .text.__d2b    0x0800c1f8       0xd0 d:/progra~2/gnuarm~1/102021~1.10/bin/../lib/gcc/arm-none-eabi/10.3.1/../../../../arm-none-eabi/lib/thumb/v7e-m+fp/hard\libg.a(lib_a-mprec.o)
                0x0800c1f8                __d2b
 .text._realloc_r
                0x0800c2c8      0x3d8 d:/progra~2/gnuarm~1/102021~1.10/bin/../lib/gcc/arm-none-eabi/10.3.1/../../../../arm-none-eabi/lib/thumb/v7e-m+fp/hard\libg.a(lib_a-reallocr.o)
                0x0800c2c8                _realloc_r
 .text.frexp    0x0800c6a0       0x6c d:/progra~2/gnuarm~1/102021~1.10/bin/../lib/gcc/arm-none-eabi/10.3.1/../../../../arm-none-eabi/lib/thumb/v7e-m+fp/hard\libg.a(lib_a-s_frexp.o)
                0x0800c6a0                frexp
 .text._sbrk_r  0x0800c70c       0x24 d:/progra~2/gnuarm~1/102021~1.10/bin/../lib/gcc/arm-none-eabi/10.3.1/../../../../arm-none-eabi/lib/thumb/v7e-m+fp/hard\libg.a(lib_a-sbrkr.o)
                0x0800c70c                _sbrk_r
 .text.__sread  0x0800c730       0x24 d:/progra~2/gnuarm~1/102021~1.10/bin/../lib/gcc/arm-none-eabi/10.3.1/../../../../arm-none-eabi/lib/thumb/v7e-m+fp/hard\libg.a(lib_a-stdio.o)
                0x0800c730                __sread
 .text.__swrite
                0x0800c754       0x40 d:/progra~2/gnuarm~1/102021~1.10/bin/../lib/gcc/arm-none-eabi/10.3.1/../../../../arm-none-eabi/lib/thumb/v7e-m+fp/hard\libg.a(lib_a-stdio.o)
                0x0800c754                __swrite
 .text.__sseek  0x0800c794       0x20 d:/progra~2/gnuarm~1/102021~1.10/bin/../lib/gcc/arm-none-eabi/10.3.1/../../../../arm-none-eabi/lib/thumb/v7e-m+fp/hard\libg.a(lib_a-stdio.o)
                0x0800c794                __sseek
 .text.__sclose
                0x0800c7b4        0x8 d:/progra~2/gnuarm~1/102021~1.10/bin/../lib/gcc/arm-none-eabi/10.3.1/../../../../arm-none-eabi/lib/thumb/v7e-m+fp/hard\libg.a(lib_a-stdio.o)
                0x0800c7b4                __sclose
 .text.strncpy  0x0800c7bc       0x64 d:/progra~2/gnuarm~1/102021~1.10/bin/../lib/gcc/arm-none-eabi/10.3.1/../../../../arm-none-eabi/lib/thumb/v7e-m+fp/hard\libg.a(lib_a-strncpy.o)
                0x0800c7bc                strncpy
 .text.__sprint_r.part.0
                0x0800c820       0x78 d:/progra~2/gnuarm~1/102021~1.10/bin/../lib/gcc/arm-none-eabi/10.3.1/../../../../arm-none-eabi/lib/thumb/v7e-m+fp/hard\libg.a(lib_a-vfiprintf.o)
 .text.__sprint_r
                0x0800c898       0x18 d:/progra~2/gnuarm~1/102021~1.10/bin/../lib/gcc/arm-none-eabi/10.3.1/../../../../arm-none-eabi/lib/thumb/v7e-m+fp/hard\libg.a(lib_a-vfiprintf.o)
                0x0800c898                __sprint_r
 .text._vfiprintf_r
                0x0800c8b0      0xdfc d:/progra~2/gnuarm~1/102021~1.10/bin/../lib/gcc/arm-none-eabi/10.3.1/../../../../arm-none-eabi/lib/thumb/v7e-m+fp/hard\libg.a(lib_a-vfiprintf.o)
                0x0800c8b0                _vfiprintf_r
 .text.__sbprintf
                0x0800d6ac       0x80 d:/progra~2/gnuarm~1/102021~1.10/bin/../lib/gcc/arm-none-eabi/10.3.1/../../../../arm-none-eabi/lib/thumb/v7e-m+fp/hard\libg.a(lib_a-vfiprintf.o)
 .text._write_r
                0x0800d72c       0x2c d:/progra~2/gnuarm~1/102021~1.10/bin/../lib/gcc/arm-none-eabi/10.3.1/../../../../arm-none-eabi/lib/thumb/v7e-m+fp/hard\libg.a(lib_a-writer.o)
                0x0800d72c                _write_r
 .text.__register_exitproc
                0x0800d758       0x8c d:/progra~2/gnuarm~1/102021~1.10/bin/../lib/gcc/arm-none-eabi/10.3.1/../../../../arm-none-eabi/lib/thumb/v7e-m+fp/hard\libg.a(lib_a-__atexit.o)
                0x0800d758                __register_exitproc
 .text.__assert_func
                0x0800d7e4       0x40 d:/progra~2/gnuarm~1/102021~1.10/bin/../lib/gcc/arm-none-eabi/10.3.1/../../../../arm-none-eabi/lib/thumb/v7e-m+fp/hard\libg.a(lib_a-assert.o)
                0x0800d7e4                __assert_func
 .text._calloc_r
                0x0800d824       0x78 d:/progra~2/gnuarm~1/102021~1.10/bin/../lib/gcc/arm-none-eabi/10.3.1/../../../../arm-none-eabi/lib/thumb/v7e-m+fp/hard\libg.a(lib_a-callocr.o)
                0x0800d824                _calloc_r
 .text._close_r
                0x0800d89c       0x24 d:/progra~2/gnuarm~1/102021~1.10/bin/../lib/gcc/arm-none-eabi/10.3.1/../../../../arm-none-eabi/lib/thumb/v7e-m+fp/hard\libg.a(lib_a-closer.o)
                0x0800d89c                _close_r
 .text._fclose_r
                0x0800d8c0       0xcc d:/progra~2/gnuarm~1/102021~1.10/bin/../lib/gcc/arm-none-eabi/10.3.1/../../../../arm-none-eabi/lib/thumb/v7e-m+fp/hard\libg.a(lib_a-fclose.o)
                0x0800d8c0                _fclose_r
 .text.fiprintf
                0x0800d98c       0x28 d:/progra~2/gnuarm~1/102021~1.10/bin/../lib/gcc/arm-none-eabi/10.3.1/../../../../arm-none-eabi/lib/thumb/v7e-m+fp/hard\libg.a(lib_a-fiprintf.o)
                0x0800d98c                fiprintf
 .text.__fputwc
                0x0800d9b4       0xa8 d:/progra~2/gnuarm~1/102021~1.10/bin/../lib/gcc/arm-none-eabi/10.3.1/../../../../arm-none-eabi/lib/thumb/v7e-m+fp/hard\libg.a(lib_a-fputwc.o)
                0x0800d9b4                __fputwc
 .text._fputwc_r
                0x0800da5c       0x68 d:/progra~2/gnuarm~1/102021~1.10/bin/../lib/gcc/arm-none-eabi/10.3.1/../../../../arm-none-eabi/lib/thumb/v7e-m+fp/hard\libg.a(lib_a-fputwc.o)
                0x0800da5c                _fputwc_r
 .text._fstat_r
                0x0800dac4       0x2c d:/progra~2/gnuarm~1/102021~1.10/bin/../lib/gcc/arm-none-eabi/10.3.1/../../../../arm-none-eabi/lib/thumb/v7e-m+fp/hard\libg.a(lib_a-fstatr.o)
                0x0800dac4                _fstat_r
 .text._isatty_r
                0x0800daf0       0x24 d:/progra~2/gnuarm~1/102021~1.10/bin/../lib/gcc/arm-none-eabi/10.3.1/../../../../arm-none-eabi/lib/thumb/v7e-m+fp/hard\libg.a(lib_a-isattyr.o)
                0x0800daf0                _isatty_r
 .text.__locale_mb_cur_max
                0x0800db14        0xc d:/progra~2/gnuarm~1/102021~1.10/bin/../lib/gcc/arm-none-eabi/10.3.1/../../../../arm-none-eabi/lib/thumb/v7e-m+fp/hard\libg.a(lib_a-locale.o)
                0x0800db14                __locale_mb_cur_max
 .text._lseek_r
                0x0800db20       0x2c d:/progra~2/gnuarm~1/102021~1.10/bin/../lib/gcc/arm-none-eabi/10.3.1/../../../../arm-none-eabi/lib/thumb/v7e-m+fp/hard\libg.a(lib_a-lseekr.o)
                0x0800db20                _lseek_r
 .text.__ascii_mbtowc
                0x0800db4c       0x2c d:/progra~2/gnuarm~1/102021~1.10/bin/../lib/gcc/arm-none-eabi/10.3.1/../../../../arm-none-eabi/lib/thumb/v7e-m+fp/hard\libg.a(lib_a-mbtowc_r.o)
                0x0800db4c                __ascii_mbtowc
 .text._read_r  0x0800db78       0x2c d:/progra~2/gnuarm~1/102021~1.10/bin/../lib/gcc/arm-none-eabi/10.3.1/../../../../arm-none-eabi/lib/thumb/v7e-m+fp/hard\libg.a(lib_a-readr.o)
                0x0800db78                _read_r
 .text.__swbuf_r
                0x0800dba4       0xb0 d:/progra~2/gnuarm~1/102021~1.10/bin/../lib/gcc/arm-none-eabi/10.3.1/../../../../arm-none-eabi/lib/thumb/v7e-m+fp/hard\libg.a(lib_a-wbuf.o)
                0x0800dba4                __swbuf_r
 .text._wcrtomb_r
                0x0800dc54       0x3c d:/progra~2/gnuarm~1/102021~1.10/bin/../lib/gcc/arm-none-eabi/10.3.1/../../../../arm-none-eabi/lib/thumb/v7e-m+fp/hard\libg.a(lib_a-wcrtomb.o)
                0x0800dc54                _wcrtomb_r
 .text.__ascii_wctomb
                0x0800dc90       0x1c d:/progra~2/gnuarm~1/102021~1.10/bin/../lib/gcc/arm-none-eabi/10.3.1/../../../../arm-none-eabi/lib/thumb/v7e-m+fp/hard\libg.a(lib_a-wctomb_r.o)
                0x0800dc90                __ascii_wctomb
 .text.abort    0x0800dcac       0x10 d:/progra~2/gnuarm~1/102021~1.10/bin/../lib/gcc/arm-none-eabi/10.3.1/../../../../arm-none-eabi/lib/thumb/v7e-m+fp/hard\libg.a(lib_a-abort.o)
                0x0800dcac                abort
 .text.raise    0x0800dcbc       0x5c d:/progra~2/gnuarm~1/102021~1.10/bin/../lib/gcc/arm-none-eabi/10.3.1/../../../../arm-none-eabi/lib/thumb/v7e-m+fp/hard\libg.a(lib_a-signal.o)
                0x0800dcbc                raise
 .text._kill_r  0x0800dd18       0x2c d:/progra~2/gnuarm~1/102021~1.10/bin/../lib/gcc/arm-none-eabi/10.3.1/../../../../arm-none-eabi/lib/thumb/v7e-m+fp/hard\libg.a(lib_a-signalr.o)
                0x0800dd18                _kill_r
 .text._getpid_r
                0x0800dd44        0x4 d:/progra~2/gnuarm~1/102021~1.10/bin/../lib/gcc/arm-none-eabi/10.3.1/../../../../arm-none-eabi/lib/thumb/v7e-m+fp/hard\libg.a(lib_a-signalr.o)
                0x0800dd44                _getpid_r
 *(.glue_7)
 .glue_7        0x0800dd48        0x0 linker stubs
 *(.glue_7t)
 .glue_7t       0x0800dd48        0x0 linker stubs
 *(.eh_frame)
 .eh_frame      0x0800dd48        0x0 d:/progra~2/gnuarm~1/102021~1.10/bin/../lib/gcc/arm-none-eabi/10.3.1/thumb/v7e-m+fp/hard/crtbegin.o
 *(.init)
 .init          0x0800dd48        0x4 d:/progra~2/gnuarm~1/102021~1.10/bin/../lib/gcc/arm-none-eabi/10.3.1/thumb/v7e-m+fp/hard/crti.o
                0x0800dd48                _init
 .init          0x0800dd4c        0x8 d:/progra~2/gnuarm~1/102021~1.10/bin/../lib/gcc/arm-none-eabi/10.3.1/thumb/v7e-m+fp/hard/crtn.o
 *(.fini)
 .fini          0x0800dd54        0x4 d:/progra~2/gnuarm~1/102021~1.10/bin/../lib/gcc/arm-none-eabi/10.3.1/thumb/v7e-m+fp/hard/crti.o
                0x0800dd54                _fini
 .fini          0x0800dd58        0x8 d:/progra~2/gnuarm~1/102021~1.10/bin/../lib/gcc/arm-none-eabi/10.3.1/thumb/v7e-m+fp/hard/crtn.o
                0x0800dd60                . = ALIGN (0x4)
                0x0800dd60                _etext = .

.vfp11_veneer   0x0800dd60        0x0
 .vfp11_veneer  0x0800dd60        0x0 linker stubs

.v4_bx          0x0800dd60        0x0
 .v4_bx         0x0800dd60        0x0 linker stubs

.iplt           0x0800dd60        0x0
 .iplt          0x0800dd60        0x0 d:/progra~2/gnuarm~1/102021~1.10/bin/../lib/gcc/arm-none-eabi/10.3.1/thumb/v7e-m+fp/hard/crtbegin.o

.rodata         0x0800dd60      0x5b8
                0x0800dd60                . = ALIGN (0x4)
 *(.rodata)
 *(.rodata*)
 .rodata.StartSignalTask.str1.4
                0x0800dd60       0x13 CMakeFiles/Software.elf.dir/Core/Src/freertos.c.obj
 *fill*         0x0800dd73        0x1 
 .rodata.str1.4
                0x0800dd74       0x18 CMakeFiles/Software.elf.dir/Core/Src/freertos.c.obj
 .rodata.defaultTask_attributes
                0x0800dd8c       0x24 CMakeFiles/Software.elf.dir/Core/Src/freertos.c.obj
                0x0800dd8c                defaultTask_attributes
 .rodata.signalTask_attributes
                0x0800ddb0       0x24 CMakeFiles/Software.elf.dir/Core/Src/freertos.c.obj
                0x0800ddb0                signalTask_attributes
 .rodata.D1CorePrescTable
                0x0800ddd4       0x10 CMakeFiles/Software.elf.dir/Core/Src/system_stm32h7xx.c.obj
                0x0800ddd4                D1CorePrescTable
 .rodata.auw_hamm
                0x0800dde4       0x3e CMakeFiles/Software.elf.dir/Core/User/MAX30102/algorithm.c.obj
                0x0800dde4                auw_hamm
 *fill*         0x0800de22        0x2 
 .rodata.uch_spo2_table
                0x0800de24       0xb8 CMakeFiles/Software.elf.dir/Core/User/MAX30102/algorithm.c.obj
                0x0800de24                uch_spo2_table
 .rodata.UARTPrescTable
                0x0800dedc       0x18 CMakeFiles/Software.elf.dir/Drivers/STM32H7xx_HAL_Driver/Src/stm32h7xx_hal_uart.c.obj
                0x0800dedc                UARTPrescTable
 .rodata.denominator.0
                0x0800def4        0x8 CMakeFiles/Software.elf.dir/Drivers/STM32H7xx_HAL_Driver/Src/stm32h7xx_hal_uart_ex.c.obj
 .rodata.numerator.1
                0x0800defc        0x8 CMakeFiles/Software.elf.dir/Drivers/STM32H7xx_HAL_Driver/Src/stm32h7xx_hal_uart_ex.c.obj
 .rodata.vTaskStartScheduler.str1.4
                0x0800df04        0x5 CMakeFiles/Software.elf.dir/Middlewares/Third_Party/FreeRTOS/Source/tasks.c.obj
 *fill*         0x0800df09        0x3 
 .rodata.prvCheckForValidListAndQueue.str1.4
                0x0800df0c        0x5 CMakeFiles/Software.elf.dir/Middlewares/Third_Party/FreeRTOS/Source/timers.c.obj
 *fill*         0x0800df11        0x3 
 .rodata.xTimerCreateTimerTask.str1.4
                0x0800df14        0x8 CMakeFiles/Software.elf.dir/Middlewares/Third_Party/FreeRTOS/Source/timers.c.obj
 .rodata._global_impure_ptr
                0x0800df1c        0x4 d:/progra~2/gnuarm~1/102021~1.10/bin/../lib/gcc/arm-none-eabi/10.3.1/../../../../arm-none-eabi/lib/thumb/v7e-m+fp/hard\libg.a(lib_a-impure.o)
                0x0800df1c                _global_impure_ptr
 .rodata._vfprintf_r.str1.4
                0x0800df20       0x42 d:/progra~2/gnuarm~1/102021~1.10/bin/../lib/gcc/arm-none-eabi/10.3.1/../../../../arm-none-eabi/lib/thumb/v7e-m+fp/hard\libg.a(lib_a-vfprintf.o)
 *fill*         0x0800df62        0x2 
 .rodata.blanks.1
                0x0800df64       0x10 d:/progra~2/gnuarm~1/102021~1.10/bin/../lib/gcc/arm-none-eabi/10.3.1/../../../../arm-none-eabi/lib/thumb/v7e-m+fp/hard\libg.a(lib_a-vfprintf.o)
 .rodata.zeroes.0
                0x0800df74       0x10 d:/progra~2/gnuarm~1/102021~1.10/bin/../lib/gcc/arm-none-eabi/10.3.1/../../../../arm-none-eabi/lib/thumb/v7e-m+fp/hard\libg.a(lib_a-vfprintf.o)
 .rodata._dtoa_r.str1.4
                0x0800df84       0xa2 d:/progra~2/gnuarm~1/102021~1.10/bin/../lib/gcc/arm-none-eabi/10.3.1/../../../../arm-none-eabi/lib/thumb/v7e-m+fp/hard\libg.a(lib_a-dtoa.o)
                                 0xa6 (size before relaxing)
 *fill*         0x0800e026        0x2 
 .rodata.__multadd.str1.4
                0x0800e028       0x7f d:/progra~2/gnuarm~1/102021~1.10/bin/../lib/gcc/arm-none-eabi/10.3.1/../../../../arm-none-eabi/lib/thumb/v7e-m+fp/hard\libg.a(lib_a-mprec.o)
                                 0x93 (size before relaxing)
 *fill*         0x0800e0a7        0x1 
 .rodata.__mprec_bigtens
                0x0800e0a8       0x28 d:/progra~2/gnuarm~1/102021~1.10/bin/../lib/gcc/arm-none-eabi/10.3.1/../../../../arm-none-eabi/lib/thumb/v7e-m+fp/hard\libg.a(lib_a-mprec.o)
                0x0800e0a8                __mprec_bigtens
 .rodata.__mprec_tens
                0x0800e0d0       0xc8 d:/progra~2/gnuarm~1/102021~1.10/bin/../lib/gcc/arm-none-eabi/10.3.1/../../../../arm-none-eabi/lib/thumb/v7e-m+fp/hard\libg.a(lib_a-mprec.o)
                0x0800e0d0                __mprec_tens
 .rodata.p05.0  0x0800e198        0xc d:/progra~2/gnuarm~1/102021~1.10/bin/../lib/gcc/arm-none-eabi/10.3.1/../../../../arm-none-eabi/lib/thumb/v7e-m+fp/hard\libg.a(lib_a-mprec.o)
 .rodata._vfiprintf_r.str1.4
                0x0800e1a4       0x2f d:/progra~2/gnuarm~1/102021~1.10/bin/../lib/gcc/arm-none-eabi/10.3.1/../../../../arm-none-eabi/lib/thumb/v7e-m+fp/hard\libg.a(lib_a-vfiprintf.o)
 .rodata.blanks.1
                0x0800e1a4       0x10 d:/progra~2/gnuarm~1/102021~1.10/bin/../lib/gcc/arm-none-eabi/10.3.1/../../../../arm-none-eabi/lib/thumb/v7e-m+fp/hard\libg.a(lib_a-vfiprintf.o)
 .rodata.zeroes.0
                0x0800e1b4       0x10 d:/progra~2/gnuarm~1/102021~1.10/bin/../lib/gcc/arm-none-eabi/10.3.1/../../../../arm-none-eabi/lib/thumb/v7e-m+fp/hard\libg.a(lib_a-vfiprintf.o)
 .rodata.__assert_func.str1.4
                0x0800e1c4       0x3f d:/progra~2/gnuarm~1/102021~1.10/bin/../lib/gcc/arm-none-eabi/10.3.1/../../../../arm-none-eabi/lib/thumb/v7e-m+fp/hard\libg.a(lib_a-assert.o)
                                 0x43 (size before relaxing)
 *fill*         0x0800e203        0x1 
 .rodata._setlocale_r.str1.4
                0x0800e204        0xa d:/progra~2/gnuarm~1/102021~1.10/bin/../lib/gcc/arm-none-eabi/10.3.1/../../../../arm-none-eabi/lib/thumb/v7e-m+fp/hard\libg.a(lib_a-locale.o)
                                  0xd (size before relaxing)
 *fill*         0x0800e20e        0x2 
 .rodata.str1.4
                0x0800e210        0x2 d:/progra~2/gnuarm~1/102021~1.10/bin/../lib/gcc/arm-none-eabi/10.3.1/../../../../arm-none-eabi/lib/thumb/v7e-m+fp/hard\libg.a(lib_a-locale.o)
 *fill*         0x0800e212        0x2 
 .rodata._ctype_
                0x0800e214      0x101 d:/progra~2/gnuarm~1/102021~1.10/bin/../lib/gcc/arm-none-eabi/10.3.1/../../../../arm-none-eabi/lib/thumb/v7e-m+fp/hard\libg.a(lib_a-ctype_.o)
                0x0800e214                _ctype_
                0x0800e318                . = ALIGN (0x4)
 *fill*         0x0800e315        0x3 

.ARM.extab
 *(.ARM.extab* .gnu.linkonce.armextab.*)

.ARM            0x0800e318        0x8
                0x0800e318                __exidx_start = .
 *(.ARM.exidx*)
 .ARM.exidx     0x0800e318        0x8 d:/progra~2/gnuarm~1/102021~1.10/bin/../lib/gcc/arm-none-eabi/10.3.1/thumb/v7e-m+fp/hard\libgcc.a(_udivmoddi4.o)
                0x0800e320                __exidx_end = .

.rel.dyn        0x0800e320        0x0
 .rel.iplt      0x0800e320        0x0 d:/progra~2/gnuarm~1/102021~1.10/bin/../lib/gcc/arm-none-eabi/10.3.1/thumb/v7e-m+fp/hard/crtbegin.o

.preinit_array  0x0800e320        0x0
                0x0800e320                PROVIDE (__preinit_array_start = .)
 *(.preinit_array*)
                0x0800e320                PROVIDE (__preinit_array_end = .)

.init_array     0x0800e320        0x8
                0x0800e320                PROVIDE (__init_array_start = .)
 *(SORT_BY_NAME(.init_array.*))
 .init_array.00000
                0x0800e320        0x4 d:/progra~2/gnuarm~1/102021~1.10/bin/../lib/gcc/arm-none-eabi/10.3.1/../../../../arm-none-eabi/lib/thumb/v7e-m+fp/hard\libg.a(lib_a-__call_atexit.o)
 *(.init_array*)
 .init_array    0x0800e324        0x4 d:/progra~2/gnuarm~1/102021~1.10/bin/../lib/gcc/arm-none-eabi/10.3.1/thumb/v7e-m+fp/hard/crtbegin.o
                0x0800e328                PROVIDE (__init_array_end = .)

.fini_array     0x0800e328        0x4
                0x0800e328                PROVIDE (__fini_array_start = .)
 *(SORT_BY_NAME(.fini_array.*))
 *(.fini_array*)
 .fini_array    0x0800e328        0x4 d:/progra~2/gnuarm~1/102021~1.10/bin/../lib/gcc/arm-none-eabi/10.3.1/thumb/v7e-m+fp/hard/crtbegin.o
                0x0800e32c                PROVIDE (__fini_array_end = .)
                0x0800e32c                _sidata = LOADADDR (.data)

.data           0x24000000      0x9c0 load address 0x0800e32c
                0x24000000                . = ALIGN (0x4)
                0x24000000                _sdata = .
 *(.data)
 *(.data*)
 .data.SystemCoreClock
                0x24000000        0x4 CMakeFiles/Software.elf.dir/Core/Src/system_stm32h7xx.c.obj
                0x24000000                SystemCoreClock
 .data.SystemD2Clock
                0x24000004        0x4 CMakeFiles/Software.elf.dir/Core/Src/system_stm32h7xx.c.obj
                0x24000004                SystemD2Clock
 .data.uwTickFreq
                0x24000008        0x1 CMakeFiles/Software.elf.dir/Drivers/STM32H7xx_HAL_Driver/Src/stm32h7xx_hal.c.obj
                0x24000008                uwTickFreq
 *fill*         0x24000009        0x3 
 .data.uwTickPrio
                0x2400000c        0x4 CMakeFiles/Software.elf.dir/Drivers/STM32H7xx_HAL_Driver/Src/stm32h7xx_hal.c.obj
                0x2400000c                uwTickPrio
 .data.uxCriticalNesting
                0x24000010        0x4 CMakeFiles/Software.elf.dir/Middlewares/Third_Party/FreeRTOS/Source/portable/GCC/ARM_CM4F/port.c.obj
 .data._impure_ptr
                0x24000014        0x4 d:/progra~2/gnuarm~1/102021~1.10/bin/../lib/gcc/arm-none-eabi/10.3.1/../../../../arm-none-eabi/lib/thumb/v7e-m+fp/hard\libg.a(lib_a-impure.o)
                0x24000014                _impure_ptr
 .data.impure_data
                0x24000018      0x428 d:/progra~2/gnuarm~1/102021~1.10/bin/../lib/gcc/arm-none-eabi/10.3.1/../../../../arm-none-eabi/lib/thumb/v7e-m+fp/hard\libg.a(lib_a-impure.o)
 .data.__atexit_recursive_mutex
                0x24000440        0x4 d:/progra~2/gnuarm~1/102021~1.10/bin/../lib/gcc/arm-none-eabi/10.3.1/../../../../arm-none-eabi/lib/thumb/v7e-m+fp/hard\libg.a(lib_a-__call_atexit.o)
                0x24000440                __atexit_recursive_mutex
 .data.__malloc_av_
                0x24000444      0x408 d:/progra~2/gnuarm~1/102021~1.10/bin/../lib/gcc/arm-none-eabi/10.3.1/../../../../arm-none-eabi/lib/thumb/v7e-m+fp/hard\libg.a(lib_a-mallocr.o)
                0x24000444                __malloc_av_
 .data.__malloc_sbrk_base
                0x2400084c        0x4 d:/progra~2/gnuarm~1/102021~1.10/bin/../lib/gcc/arm-none-eabi/10.3.1/../../../../arm-none-eabi/lib/thumb/v7e-m+fp/hard\libg.a(lib_a-mallocr.o)
                0x2400084c                __malloc_sbrk_base
 .data.__malloc_trim_threshold
                0x24000850        0x4 d:/progra~2/gnuarm~1/102021~1.10/bin/../lib/gcc/arm-none-eabi/10.3.1/../../../../arm-none-eabi/lib/thumb/v7e-m+fp/hard\libg.a(lib_a-mallocr.o)
                0x24000850                __malloc_trim_threshold
 .data.__global_locale
                0x24000854      0x16c d:/progra~2/gnuarm~1/102021~1.10/bin/../lib/gcc/arm-none-eabi/10.3.1/../../../../arm-none-eabi/lib/thumb/v7e-m+fp/hard\libg.a(lib_a-locale.o)
                0x24000854                __global_locale
 *(.RamFunc)
 *(.RamFunc*)
                0x240009c0                . = ALIGN (0x4)
                0x240009c0                _edata = .

.igot.plt       0x240009c0        0x0 load address 0x0800ecec
 .igot.plt      0x240009c0        0x0 d:/progra~2/gnuarm~1/102021~1.10/bin/../lib/gcc/arm-none-eabi/10.3.1/thumb/v7e-m+fp/hard/crtbegin.o
                0x240009c0                . = ALIGN (0x4)

.bss            0x240009c0     0x7ea4 load address 0x0800ecec
                0x240009c0                _sbss = .
                0x240009c0                __bss_start__ = _sbss
 *(.bss)
 .bss           0x240009c0       0x1c d:/progra~2/gnuarm~1/102021~1.10/bin/../lib/gcc/arm-none-eabi/10.3.1/thumb/v7e-m+fp/hard/crtbegin.o
 *(.bss*)
 .bss.defaultTaskHandle
                0x240009dc        0x4 CMakeFiles/Software.elf.dir/Core/Src/freertos.c.obj
                0x240009dc                defaultTaskHandle
 .bss.signalTaskHandle
                0x240009e0        0x4 CMakeFiles/Software.elf.dir/Core/Src/freertos.c.obj
                0x240009e0                signalTaskHandle
 .bss.hi2c4     0x240009e4       0x4c CMakeFiles/Software.elf.dir/Core/Src/i2c.c.obj
                0x240009e4                hi2c4
 .bss.hspi2     0x24000a30       0x88 CMakeFiles/Software.elf.dir/Core/Src/spi.c.obj
                0x24000a30                hspi2
 .bss.htim1     0x24000ab8       0x4c CMakeFiles/Software.elf.dir/Core/Src/stm32h7xx_hal_timebase_tim.c.obj
                0x24000ab8                htim1
 .bss.__sbrk_heap_end
                0x24000b04        0x4 CMakeFiles/Software.elf.dir/Core/Src/sysmem.c.obj
 .bss.huart1    0x24000b08       0x90 CMakeFiles/Software.elf.dir/Core/Src/usart.c.obj
                0x24000b08                huart1
 .bss.huart4    0x24000b98       0x90 CMakeFiles/Software.elf.dir/Core/Src/usart.c.obj
                0x24000b98                huart4
 .bss.BufferHead
                0x24000c28        0x4 CMakeFiles/Software.elf.dir/Core/User/MAX30102/MAX30102.c.obj
                0x24000c28                BufferHead
 .bss.BufferTail
                0x24000c2c        0x4 CMakeFiles/Software.elf.dir/Core/User/MAX30102/MAX30102.c.obj
                0x24000c2c                BufferTail
 .bss.CollectedSamples
                0x24000c30        0x4 CMakeFiles/Software.elf.dir/Core/User/MAX30102/MAX30102.c.obj
                0x24000c30                CollectedSamples
 .bss.HeartRate
                0x24000c34        0x4 CMakeFiles/Software.elf.dir/Core/User/MAX30102/MAX30102.c.obj
                0x24000c34                HeartRate
 .bss.IrBuffer  0x24000c38      0x960 CMakeFiles/Software.elf.dir/Core/User/MAX30102/MAX30102.c.obj
                0x24000c38                IrBuffer
 .bss.IsFingerOnScreen
                0x24001598        0x1 CMakeFiles/Software.elf.dir/Core/User/MAX30102/MAX30102.c.obj
                0x24001598                IsFingerOnScreen
 .bss.IsHrValid
                0x24001599        0x1 CMakeFiles/Software.elf.dir/Core/User/MAX30102/MAX30102.c.obj
                0x24001599                IsHrValid
 *fill*         0x2400159a        0x2 
 .bss.RedBuffer
                0x2400159c      0x960 CMakeFiles/Software.elf.dir/Core/User/MAX30102/MAX30102.c.obj
                0x2400159c                RedBuffer
 .bss.Sp02IsValid
                0x24001efc        0x1 CMakeFiles/Software.elf.dir/Core/User/MAX30102/MAX30102.c.obj
                0x24001efc                Sp02IsValid
 *fill*         0x24001efd        0x3 
 .bss.Sp02Value
                0x24001f00        0x4 CMakeFiles/Software.elf.dir/Core/User/MAX30102/MAX30102.c.obj
                0x24001f00                Sp02Value
 .bss.StateMachine
                0x24001f04        0x1 CMakeFiles/Software.elf.dir/Core/User/MAX30102/MAX30102.c.obj
                0x24001f04                StateMachine
 *fill*         0x24001f05        0x3 
 .bss.i2c_max30102
                0x24001f08        0x4 CMakeFiles/Software.elf.dir/Core/User/MAX30102/MAX30102.c.obj
                0x24001f08                i2c_max30102
 .bss.an_dx     0x24001f0c      0x7c0 CMakeFiles/Software.elf.dir/Core/User/MAX30102/algorithm.c.obj
 .bss.an_x      0x240026cc      0x7d0 CMakeFiles/Software.elf.dir/Core/User/MAX30102/algorithm.c.obj
 .bss.an_y      0x24002e9c      0x7d0 CMakeFiles/Software.elf.dir/Core/User/MAX30102/algorithm.c.obj